(204) cpu_start: cpu freq: 160000000 Hz[0m
[0;32mI (204) app_init: Application information:[0m
ï¿½ets Jul 29 2019 12:21:46

rst:0x1 (POWERON_RESET),boot:0x13 (SPI_FAST_FLASH_BOOT)
configsip: 0, SPIWP:0xee
clk_drv:0x00,q_drv:0x00,d_drv:0x00,cs0_drv:0x00,hd_drv:0x00,wp_drv:0x00
mode:DIO, clock div:2
load:0x3fff0030,len:7112
load:0x40078000,len:15788
ho 0 tail 12 room 4
load:0x40080400,len:4
load:0x40080404,len:3904
entry 0x40080640
[0;32mI (31) boot: ESP-IDF v5.4-dev-2306-gdbce23f8a4-dirty 2nd stage bootloader[0m
[0;32mI (31) boot: compile time Sep  2 2024 13:56:10[0m
[0;32mI (33) boot: Multicore bootloader[0m
[0;32mI (38) boot: chip revision: v3.1[0m
[0;32mI (41) boot.esp32: SPI Speed      : 40MHz[0m
[0;32mI (46) boot.esp32: SPI Mode       : DIO[0m
[0;32mI (51) boot.esp32: SPI Flash Size : 2MB[0m
[0;32mI (55) boot: Enabling RNG early entropy source...[0m
[0;32mI (61) boot: Partition Table:[0m
[0;32mI (64) boot: ## Label            Usage          Type ST Offset   Length[0m
[0;32mI (71) boot:  0 nvs              WiFi data        01 02 00009000 00006000[0m
[0;32mI (79) boot:  1 phy_init         RF data          01 01 0000f000 00001000[0m
[0;32mI (86) boot:  2 factory          factory app      00 00 00010000 00100000[0m
[0;32mI (94) boot: End of partition table[0m
[0;32mI (98) esp_image: segment 0: paddr=00010020 vaddr=3f400020 size=099d0h ( 39376) map[0m
[0;32mI (120) esp_image: segment 1: paddr=000199f8 vaddr=3ffb0000 size=02364h (  9060) load[0m
[0;32mI (124) esp_image: segment 2: paddr=0001bd64 vaddr=40080000 size=042b4h ( 17076) load[0m
[0;32mI (133) esp_image: segment 3: paddr=00020020 vaddr=400d0020 size=14660h ( 83552) map[0m
[0;32mI (163) esp_image: segment 4: paddr=00034688 vaddr=400842b4 size=08b58h ( 35672) load[0m
[0;32mI (184) boot: Loaded app from partition at offset 0x10000[0m
[0;32mI (184) boot: Disabling RNG early entropy source...[0m
[0;32mI (196) cpu_start: Multicore app[0m
[0;32mI (204) cpu_start: Pro cpu start user code[0m
[0;32mI (204) cpu_start: cpu freq: 160000000 Hz[0m
[0;32mI (204) app_init: Application information:[0m
[0;32mI (207) app_init: Project name:     esp_rgb_led_strip[0m
[0;32mI (213) app_init: App version:      7e387a1-dirty[0m
[0;32mI (218) app_init: Compile time:     Sep  2 2024 13:56:04[0m
[0;32mI (224) app_init: ELF file SHA256:  2b0e1943a...[0m
[0;32mI (230) app_init: ESP-IDF:          v5.4-dev-2306-gdbce23f8a4-dirty[0m
[0;32mI (237) efuse_init: Min chip rev:     v0.0[0m
[0;32mI (241) efuse_init: Max chip rev:     v3.99 [0m
[0;32mI (246) efuse_init: Chip rev:         v3.1[0m
[0;32mI (251) heap_init: Initializing. RAM available for dynamic allocation:[0m
[0;32mI (259) heap_init: At 3FFAE6E0 len 00001920 (6 KiB): DRAM[0m
[0;32mI (264) heap_init: At 3FFB2C30 len 0002D3D0 (180 KiB): DRAM[0m
[0;32mI (271) heap_init: At 3FFE0440 len 00003AE0 (14 KiB): D/IRAM[0m
[0;32mI (277) heap_init: At 3FFE4350 len 0001BCB0 (111 KiB): D/IRAM[0m
[0;32mI (284) heap_init: At 4008CE0C len 000131F4 (76 KiB): IRAM[0m
[0;32mI (291) spi_flash: detected chip: generic[0m
[0;32mI (294) spi_flash: flash io: dio[0m
[0;33mW (298) spi_flash: Detected size(4096k) larger than the size in the binary image header(2048k). Using the size in the binary image header.[0m
[0;32mI (312) main_task: Started on CPU0[0m
[0;32mI (322) main_task: Calling app_main()[0m
[0;32mI (322) object_sensor: Initializing object sensor's task[0m
[0;32mI (322) main_task: Returned from app_main()[0m

abort() was called at PC 0x40082743 on core 0


Backtrace: 0x40081845:0x3ffb0a50 0x400858a9:0x3ffb0a70 0x4008b6e5:0x3ffb0a90 0x40082743:0x3ffb0b00 0x40082881:0x3ffb0b30 0x400828fa:0x3ffb0b50 0x400d9e3a:0x3ffb0b80 0x400d946d:0x3ffb0ea0 0x400e45f9:0x3ffb0ed0 0x4008b655:0x3ffb0f00 0x400d6645:0x3ffb0f50 0x40082ff5:0x3ffb0f70 0x400830c7:0x3ffb0fa0 0x40082da1:0x3ffb0fd0 0x40084697:0x3ffb4500 0x400d2233:0x3ffb4520 0x40086f0e:0x3ffb4540 0x4008610d:0x3ffb4560




ELF file SHA256: 2b0e1943a

Rebooting...
ets Jul 29 2019 12:21:46

rst:0xc (SW_CPU_RESET),boot:0x13 (SPI_FAST_FLASH_BOOT)
configsip: 0, SPIWP:0xee
clk_drv:0x00,q_drv:0x00,d_drv:0x00,cs0_drv:0x00,hd_drv:0x00,wp_drv:0x00
mode:DIO, clock div:2
load:0x3fff0030,len:7112
load:0x40078000,len:15788
ho 0 tail 12 room 4
load:0x40080400,len:4
load:0x40080404,len:3904
entry 0x40080640
[0;32mI (31) boot: ESP-IDF v5.4-dev-2306-gdbce23f8a4-dirty 2nd stage bootloader[0m
[0;32mI (31) boot: compile time Sep  2 2024 13:56:10[0m
[0;32mI (33) boot: Multicore bootloader[0m
[0;32mI (37) boot: chip revision: v3.1[0m
[0;32mI (41) boot.esp32: SPI Speed      : 40MHz[0m
[0;32mI (46) boot.esp32: SPI Mode       : DIO[0m
[0;32mI (50) boot.esp32: SPI Flash Size : 2MB[0m
[0;32mI (55) boot: Enabling RNG early entropy source...[0m
[0;32mI (60) boot: Partition Table:[0m
[0;32mI (64) boot: ## Label            Usage          Type ST Offset   Length[0m
[0;32mI (71) boot:  0 nvs              WiFi data        01 02 00009000 00006000[0m
[0;32mI (79) boot:  1 phy_init         RF data          01 01 0000f000 00001000[0m
[0;32mI (86) boot:  2 factory          factory app      00 00 00010000 00100000[0m
[0;32mI (94) boot: End of partition table[0m
[0;32mI (98) esp_image: segment 0: paddr=00010020 vaddr=3f400020 size=099d0h ( 39376) map[0m
[0;32mI (120) esp_image: segment 1: paddr=000199f8 vaddr=3ffb0000 size=02364h (  9060) load[0m
[0;32mI (124) esp_image: segment 2: paddr=0001bd64 vaddr=40080000 size=042b4h ( 17076) load[0m
[0;32mI (132) esp_image: segment 3: paddr=00020020 vaddr=400d0020 size=14660h ( 83552) map[0m
[0;32mI (163) esp_image: segment 4: paddr=00034688 vaddr=400842b4 size=08b58h ( 35672) load[0m
[0;32mI (184) boot: Loaded app from partition at offset 0x10000[0m
[0;32mI (184) boot: Disabling RNG early entropy source...[0m
[0;32mI (196) cpu_start: Multicore app[0m
[0;32mI (204) cpu_start: Pro cpu start user code[0m
[0;32mI (204) cpu_start: cpu freq: 160000000 Hz[0m
[0;32mI (204) app_init: Application information:[0m
[0;32mI (207) app_init: Project name:     esp_rgb_led_strip[0m
[0;32mI (213) app_init: App version:      7e387a1-dirty[0m
[0;32mI (218) app_init: Compile time:     Sep  2 2024 13:56:04[0m
[0;32mI (224) app_init: ELF file SHA256:  2b0e1943a...[0m
[0;32mI (230) app_init: ESP-IDF:          v5.4-dev-2306-gdbce23f8a4-dirty[0m
[0;32mI (237) efuse_init: Min chip rev:     v0.0[0m
[0;32mI (241) efuse_init: Max chip rev:     v3.99 [0m
[0;32mI (246) efuse_init: Chip rev:         v3.1[0m
[0;32mI (251) heap_init: Initializing. RAM available for dynamic allocation:[0m
[0;32mI (258) heap_init: At 3FFAE6E0 len 00001920 (6 KiB): DRAM[0m
[0;32mI (264) heap_init: At 3FFB2C30 len 0002D3D0 (180 KiB): DRAM[0m
[0;32mI (271) heap_init: At 3FFE0440 len 00003AE0 (14 KiB): D/IRAM[0m
[0;32mI (277) heap_init: At 3FFE4350 len 0001BCB0 (111 KiB): D/IRAM[0m
[0;32mI (283) heap_init: At 4008CE0C len 000131F4 (76 KiB): IRAM[0m
[0;32mI (291) spi_flash: detected chip: generic[0m
[0;32mI (294) spi_flash: flash io: dio[0m
[0;33mW (298) spi_flash: Detected size(4096k) larger than the size in the binary image header(2048k). Using the size in the binary image header.[0m
[0;32mI (312) main_task: Started on CPU0[0m
[0;32mI (322) main_task: Calling app_main()[0m
[0;32mI (322) object_sensor: Initializing object sensor's task[0m
[0;32mI (322) main_task: Returned from app_main()[0m

abort() was called at PC 0x40082743 on core 0


Backtrace: 0x40081845:0x3ffb0a50 0x400858a9:0x3ffb0a70 0x4008b6e5:0x3ffb0a90 0x40082743:0x3ffb0b00 0x40082881:0x3ffb0b30 0x400828fa:0x3ffb0b50 0x400d9e3a:0x3ffb0b80 0x400d946d:0x3ffb0ea0 0x400e45f9:0x3ffb0ed0 0x4008b655:0x3ffb0f00 0x400d6645:0x3ffb0f50 0x40082ff5:0x3ffb0f70 0x400830c7:0x3ffb0fa0 0x40082da1:0x3ffb0fd0 0x40084697:0x3ffb4500 0x400d2233:0x3ffb4520 0x40086f0e:0x3ffb4540 0x4008610d:0x3ffb4560




ELF file SHA256: 2b0e1943a

Rebooting...
ets Jul 29 2019 12:21:46

rst:0xc (SW_CPU_RESET),boot:0x13 (SPI_FAST_FLASH_BOOT)
configsip: 0, SPIWP:0xee
clk_drv:0x00,q_drv:0x00,d_drv:0x00,cs0_drv:0x00,hd_drv:0x00,wp_drv:0x00
mode:DIO, clock div:2
load:0x3fff0030,len:7112
load:0x40078000,len:15788
ho 0 tail 12 room 4
load:0x40080400,len:4
load:0x40080404,len:3904
entry 0x40080640
[0;32mI (31) boot: ESP-IDF v5.4-dev-2306-gdbce23f8a4-dirty 2nd stage bootloader[0m
[0;32mI (31) boot: compile time Sep  2 2024 13:56:10[0m
[0;32mI (33) boot: Multicore bootloader[0m
[0;32mI (37) boot: chip revision: v3.1[0m
[0;32mI (41) boot.esp32: SPI Speed      : 40MHz[0m
[0;32mI (46) boot.esp32: SPI Mode       : DIO[0m
[0;32mI (50) boot.esp32: SPI Flash Size : 2MB[0m
[0;32mI (55) boot: Enabling RNG early entropy source...[0m
[0;32mI (60) boot: Partition Table:[0m
[0;32mI (64) boot: ## Label            Usage          Type ST Offset   Length[0m
[0;32mI (71) boot:  0 nvs              WiFi data        01 02 00009000 00006000[0m
[0;32mI (79) boot:  1 phy_init         RF data          01 01 0000f000 00001000[0m
[0;32mI (86) boot:  2 factory          factory app      00 00 00010000 00100000[0m
[0;32mI (94) boot: End of partition table[0m
[0;32mI (98) esp_image: segment 0: paddr=00010020 vaddr=3f400020 size=099d0h ( 39376) map[0m
[0;32mI (120) esp_image: segment 1: paddr=000199f8 vaddr=3ffb0000 size=02364h (  9060) load[0m
[0;32mI (124) esp_image: segment 2: paddr=0001bd64 vaddr=40080000 size=042b4h ( 17076) load[0m
[0;32mI (132) esp_image: segment 3: paddr=00020020 vaddr=400d0020 size=14660h ( 83552) map[0m
[0;32mI (163) esp_image: segment 4: paddr=00034688 vaddr=400842b4 size=08b58h ( 35672) load[0m
[0;32mI (184) boot: Loaded app from partition at offset 0x10000[0m
[0;32mI (184) boot: Disabling RNG early entropy source...[0m
[0;32mI (196) cpu_start: Multicore app[0m
[0;32mI (204) cpu_start: Pro cpu start user code[0m
[0;32mI (204) cpu_start: cpu freq: 160000000 Hz[0m
[0;32mI (204) app_init: Application information:[0m
[0;32mI (207) app_init: Project name:     esp_rgb_led_strip[0m
[0;32mI (213) app_init: App version:      7e387a1-dirty[0m
[0;32mI (218) app_init: Compile time:     Sep  2 2024 13:56:04[0m
[0;32mI (224) app_init: ELF file SHA256:  2b0e1943a...[0m
[0;32mI (230) app_init: ESP-IDF:          v5.4-dev-2306-gdbce23f8a4-dirty[0m
[0;32mI (237) efuse_init: Min chip rev:     v0.0[0m
[0;32mI (241) efuse_init: Max chip rev:     v3.99 [0m
[0;32mI (246) efuse_init: Chip rev:         v3.1[0m
[0;32mI (251) heap_init: Initializing. RAM available for dynamic allocation:[0m
[0;32mI (258) heap_init: At 3FFAE6E0 len 00001920 (6 KiB): DRAM[0m
[0;32mI (264) heap_init: At 3FFB2C30 len 0002D3D0 (180 KiB): DRAM[0m
[0;32mI (271) heap_init: At 3FFE0440 len 00003AE0 (14 KiB): D/IRAM[0m
[0;32mI (277) heap_init: At 3FFE4350 len 0001BCB0 (111 KiB): D/IRAM[0m
[0;32mI (283) heap_init: At 4008CE0C len 000131F4 (76 KiB): IRAM[0m
[0;32mI (291) spi_flash: detected chip: generic[0m
[0;32mI (294) spi_flash: flash io: dio[0m
[0;33mW (298) spi_flash: Detected size(4096k) larger than the size in the binary image header(2048k). Using the size in the binary image header.[0m
[0;32mI (312) main_task: Started on CPU0[0m
[0;32mI (322) main_task: Calling app_main()[0m
[0;32mI (322) object_sensor: Initializing object sensor's task[0m
[0;32mI (322) main_task: Returned from app_main()[0m

abort() was called at PC 0x40082743 on core 0


Backtrace: 0x40081845:0x3ffb0a50 0x400858a9:0x3ffb0a70 0x4008b6e5:0x3ffb0a90 0x40082743:0x3ffb0b00 0x40082881:0x3ffb0b30 0x400828fa:0x3ffb0b50 0x400d9e3a:0x3ffb0b80 0x400d946d:0x3ffb0ea0 0x400e45f9:0x3ffb0ed0 0x4008b655:0x3ffb0f00 0x400d6645:0x3ffb0f50 0x40082ff5:0x3ffb0f70 0x400830c7:0x3ffb0fa0 0x40082da1:0x3ffb0fd0 0x40084697:0x3ffb4500 0x400d2233:0x3ffb4520 0x40086f0e:0x3ffb4540 0x4008610d:0x3ffb4560




ELF file SHA256: 2b0e1943a

Rebooting...
ets Jul 29 2019 12:21:46

rst:0xc (SW_CPU_RESET),boot:0x13 (SPI_FAST_FLASH_BOOT)
configsip: 0, SPIWP:0xee
clk_drv:0x00,q_drv:0x00,d_drv:0x00,cs0_drv:0x00,hd_drv:0x00,wp_drv:0x00
mode:DIO, clock div:2
load:0x3fff0030,len:7112
load:0x40078000,len:15788
ho 0 tail 12 room 4
load:0x40080400,len:4
load:0x40080404,len:3904
entry 0x40080640
[0;32mI (31) boot: ESP-IDF v5.4-dev-2306-gdbce23f8a4-dirty 2nd stage bootloader[0m
[0;32mI (31) boot: compile time Sep  2 2024 13:56:10[0m
[0;32mI (33) boot: Multicore bootloader[0m
[0;32mI (37) boot: chip revision: v3.1[0m
[0;32mI (41) boot.esp32: SPI Speed      : 40MHz[0m
[0;32mI (46) boot.esp32: SPI Mode       : DIO[0m
[0;32mI (50) boot.esp32: SPI Flash Size : 2MB[0m
[0;32mI (55) boot: Enabling RNG early entropy source...[0m
[0;32mI (60) boot: Partition Table:[0m
[0;32mI (64) boot: ## Label            Usage          Type ST Offset   Length[0m
[0;32mI (71) boot:  0 nvs              WiFi data        01 02 00009000 00006000[0m
[0;32mI (79) boot:  1 phy_init         RF data          01 01 0000f000 00001000[0m
[0;32mI (86) boot:  2 factory          factory app      00 00 00010000 00100000[0m
[0;32mI (94) boot: End of partition table[0m
[0;32mI (98) esp_image: segment 0: paddr=00010020 vaddr=3f400020 size=099d0h ( 39376) map[0m
[0;32mI (120) esp_image: segment 1: paddr=000199f8 vaddr=3ffb0000 size=02364h (  9060) load[0m
[0;32mI (124) esp_image: segment 2: paddr=0001bd64 vaddr=40080000 size=042b4h ( 17076) load[0m
[0;32mI (132) esp_image: segment 3: paddr=00020020 vaddr=400d0020 size=14660h ( 83552) map[0m
[0;32mI (163) esp_image: segment 4: paddr=00034688 vaddr=400842b4 size=08b58h ( 35672) load[0m
[0;32mI (184) boot: Loaded app from partition at offset 0x10000[0m
[0;32mI (184) boot: Disabling RNG early entropy source...[0m
[0;32mI (196) cpu_start: Multicore app[0m
[0;32mI (204) cpu_start: Pro cpu start user code[0m
[0;32mI (204) cpu_start: cpu freq: 160000000 Hz[0m
[0;32mI (204) app_init: Application information:[0m
[0;32mI (207) app_init: Project name:     esp_rgb_led_strip[0m
[0;32mI (213) app_init: App version:      7e387a1-dirty[0m
[0;32mI (218) app_init: Compile time:     Sep  2 2024 13:56:04[0m
[0;32mI (224) app_init: ELF file SHA256:  2b0e1943a...[0m
[0;32mI (230) app_init: ESP-IDF:          v5.4-dev-2306-gdbce23f8a4-dirty[0m
[0;32mI (237) efuse_init: Min chip rev:     v0.0[0m
[0;32mI (241) efuse_init: Max chip rev:     v3.99 [0m
[0;32mI (246) efuse_init: Chip rev:         v3.1[0m
[0;32mI (251) heap_init: Initializing. RAM available for dynamic allocation:[0m
[0;32mI (258) heap_init: At 3FFAE6E0 len 00001920 (6 KiB): DRAM[0m
[0;32mI (264) heap_init: At 3FFB2C30 len 0002D3D0 (180 KiB): DRAM[0m
[0;32mI (271) heap_init: At 3FFE0440 len 00003AE0 (14 KiB): D/IRAM[0m
[0;32mI (277) heap_init: At 3FFE4350 len 0001BCB0 (111 KiB): D/IRAM[0m
[0;32mI (283) heap_init: At 4008CE0C len 000131F4 (76 KiB): IRAM[0m
[0;32mI (291) spi_flash: detected chip: generic[0m
[0;32mI (294) spi_flash: flash io: dio[0m
[0;33mW (298) spi_flash: Detected size(4096k) larger than the size in the binary image header(2048k). Using the size in the binary image header.[0m
[0;32mI (312) main_task: Started on CPU0[0m
[0;32mI (322) main_task: Calling app_main()[0m
[0;32mI (322) object_sensor: Initializing object sensor's task[0m
[0;32mI (322) main_task: Returned from app_main()[0m

abort() was called at PC 0x40082743 on core 0


Backtrace: 0x40081845:0x3ffb0a50 0x400858a9:0x3ffb0a70 0x4008b6e5:0x3ffb0a90 0x40082743:0x3ffb0b00 0x40082881:0x3ffb0b30 0x400828fa:0x3ffb0b50 0x400d9e3a:0x3ffb0b80 0x400d946d:0x3ffb0ea0 0x400e45f9:0x3ffb0ed0 0x4008b655:0x3ffb0f00 0x400d6645:0x3ffb0f50 0x40082ff5:0x3ffb0f70 0x400830c7:0x3ffb0fa0 0x40082da1:0x3ffb0fd0 0x40084697:0x3ffb4500 0x400d2233:0x3ffb4520 0x40086f0e:0x3ffb4540 0x4008610d:0x3ffb4560




ELF file SHA256: 2b0e1943a

Rebooting...
ets Jul 29 2019 12:21:46

rst:0xc (SW_CPU_RESET),boot:0x13 (SPI_FAST_FLASH_BOOT)
configsip: 0, SPIWP:0xee
clk_drv:0x00,q_drv:0x00,d_drv:0x00,cs0_drv:0x00,hd_drv:0x00,wp_drv:0x00
mode:DIO, clock div:2
load:0x3fff0030,len:7112
load:0x40078000,len:15788
ho 0 tail 12 room 4
load:0x40080400,len:4
load:0x40080404,len:3904
entry 0x40080640
[0;32mI (31) boot: ESP-IDF v5.4-dev-2306-gdbce23f8a4-dirty 2nd stage bootloader[0m
[0;32mI (31) boot: compile time Sep  2 2024 13:56:10[0m
[0;32mI (33) boot: Multicore bootloader[0m
[0;32mI (37) boot: chip revision: v3.1[0m
[0;32mI (41) boot.esp32: SPI Speed      : 40MHz[0m
[0;32mI (46) boot.esp32: SPI Mode       : DIO[0m
[0;32mI (50) boot.esp32: SPI Flash Size : 2MB[0m
[0;32mI (55) boot: Enabling RNG early entropy source...[0m
[0;32mI (60) boot: Partition Table:[0m
[0;32mI (64) boot: ## Label            Usage          Type ST Offset   Length[0m
[0;32mI (71) boot:  0 nvs              WiFi data        01 02 00009000 00006000[0m
[0;32mI (79) boot:  1 phy_init         RF data          01 01 0000f000 00001000[0m
[0;32mI (86) boot:  2 factory          factory app      00 00 00010000 00100000[0m
[0;32mI (94) boot: End of partition table[0m
[0;32mI (98) esp_image: segment 0: paddr=00010020 vaddr=3f400020 size=099d0h ( 39376) map[0m
[0;32mI (120) esp_image: segment 1: paddr=000199f8 vaddr=3ffb0000 size=02364h (  9060) load[0m
[0;32mI (124) esp_image: segment 2: paddr=0001bd64 vaddr=40080000 size=042b4h ( 17076) load[0m
[0;32mI (132) esp_image: segment 3: paddr=00020020 vaddr=400d0020 size=14660h ( 83552) map[0m
[0;32mI (163) esp_image: segment 4: paddr=00034688 vaddr=400842b4 size=08b58h ( 35672) load[0m
[0;32mI (184) boot: Loaded app from partition at offset 0x10000[0m
[0;32mI (184) boot: Disabling RNG early entropy source...[0m
[0;32mI (196) cpu_start: Multicore app[0m
[0;32mI (204) cpu_start: Pro cpu start user code[0m
[0;32mI (204) cpu_start: cpu freq: 160000000 Hz[0m
[0;32mI (204) app_init: Application information:[0m
[0;32mI (207) app_init: Project name:     esp_rgb_led_strip[0m
[0;32mI (213) app_init: App version:      7e387a1-dirty[0m
[0;32mI (218) app_init: Compile time:     Sep  2 2024 13:56:04[0m
[0;32mI (224) app_init: ELF file SHA256:  2b0e1943a...[0m
[0;32mI (230) app_init: ESP-IDF:          v5.4-dev-2306-gdbce23f8a4-dirty[0m
[0;32mI (237) efuse_init: Min chip rev:     v0.0[0m
[0;32mI (241) efuse_init: Max chip rev:     v3.99 [0m
[0;32mI (246) efuse_init: Chip rev:         v3.1[0m
[0;32mI (251) heap_init: Initializing. RAM available for dynamic allocation:[0m
[0;32mI (258) heap_init: At 3FFAE6E0 len 00001920 (6 KiB): DRAM[0m
[0;32mI (264) heap_init: At 3FFB2C30 len 0002D3D0 (180 KiB): DRAM[0m
[0;32mI (271) heap_init: At 3FFE0440 len 00003AE0 (14 KiB): D/IRAM[0m
[0;32mI (277) heap_init: At 3FFE4350 len 0001BCB0 (111 KiB): D/IRAM[0m
[0;32mI (283) heap_init: At 4008CE0C len 000131F4 (76 KiB): IRAM[0m
[0;32mI (291) spi_flash: detected chip: generic[0m
[0;32mI (294) spi_flash: flash io: dio[0m
[0;33mW (298) spi_flash: Detected size(4096k) larger than the size in the binary image header(2048k). Using the size in the binary image header.[0m
[0;32mI (312) main_task: Started on CPU0[0m
[0;32mI (322) main_task: Calling app_main()[0m
[0;32mI (322) object_sensor: Initializing object sensor's task[0m
[0;32mI (322) main_task: Returned from app_main()[0m

abort() was called at PC 0x40082743 on core 0


Backtrace: 0x40081845:0x3ffb0a50 0x400858a9:0x3ffb0a70 0x4008b6e5:0x3ffb0a90 0x40082743:0x3ffb0b00 0x40082881:0x3ffb0b30 0x400828fa:0x3ffb0b50 0x400d9e3a:0x3ffb0b80 0x400d946d:0x3ffb0ea0 0x400e45f9:0x3ffb0ed0 0x4008b655:0x3ffb0f00 0x400d6645:0x3ffb0f50 0x40082ff5:0x3ffb0f70 0x400830c7:0x3ffb0fa0 0x40082da1:0x3ffb0fd0 0x40084697:0x3ffb4500 0x400d2233:0x3ffb4520 0x40086f0e:0x3ffb4540 0x4008610d:0x3ffb4560




ELF file SHA256: 2b0e1943a

Rebooting...
ets Jul 29 2019 12:21:46

rst:0xc (SW_CPU_RESET),boot:0x13 (SPI_FAST_FLASH_BOOT)
configsip: 0, SPIWP:0xee
clk_drv:0x00,q_drv:0x00,d_drv:0x00,cs0_drv:0x00,hd_drv:0x00,wp_drv:0x00
mode:DIO, clock div:2
load:0x3fff0030,len:7112
load:0x40078000,len:15788
ho 0 tail 12 room 4
load:0x40080400,len:4
load:0x40080404,len:3904
entry 0x40080640
[0;32mI (31) boot: ESP-IDF v5.4-dev-2306-gdbce23f8a4-dirty 2nd stage bootloader[0m
[0;32mI (31) boot: compile time Sep  2 2024 13:56:10[0m
[0;32mI (33) boot: Multicore bootloader[0m
[0;32mI (37) boot: chip revision: v3.1[0m
[0;32mI (41) boot.esp32: SPI Speed      : 40MHz[0m
[0;32mI (46) boot.esp32: SPI Mode       : DIO[0m
[0;32mI (50) boot.esp32: SPI Flash Size : 2MB[0m
[0;32mI (55) boot: Enabling RNG early entropy source...[0m
[0;32mI (60) boot: Partition Table:[0m
[0;32mI (64) boot: ## Label            Usage          Type ST Offset   Length[0m
[0;32mI (71) boot:  0 nvs              WiFi data        01 02 00009000 00006000[0m
[0;32mI (79) boot:  1 phy_init         RF data          01 01 0000f000 00001000[0m
[0;32mI (86) boot:  2 factory          factory app      00 00 00010000 00100000[0m
[0;32mI (94) boot: End of partition table[0m
[0;32mI (98) esp_image: segment 0: paddr=00010020 vaddr=3f400020 size=099d0h ( 39376) map[0m
[0;32mI (120) esp_image: segment 1: paddr=000199f8 vaddr=3ffb0000 size=02364h (  9060) load[0m
[0;32mI (124) esp_image: segment 2: paddr=0001bd64 vaddr=40080000 size=042b4h ( 17076) load[0m
[0;32mI (132) esp_image: segment 3: paddr=00020020 vaddr=400d0020 size=14660h ( 83552) map[0m
[0;32mI (163) esp_image: segment 4: paddr=00034688 vaddr=400842b4 size=08b58h ( 35672) load[0m
[0;32mI (184) boot: Loaded app from partition at offset 0x10000[0m
[0;32mI (184) boot: Disabling RNG early entropy source...[0m
[0;32mI (196) cpu_start: Multicore app[0m
[0;32mI (204) cpu_start: Pro cpu start user code[0m
[0;32mI (204) cpu_start: cpu freq: 160000000 Hz[0m
[0;32mI (204) app_init: Application information:[0m
[0;32mI (207) app_init: Project name:     esp_rgb_led_strip[0m
[0;32mI (213) app_init: App version:      7e387a1-dirty[0m
[0;32mI (218) app_init: Compile time:     Sep  2 2024 13:56:04[0m
[0;32mI (224) app_init: ELF file SHA256:  2b0e1943a...[0m
[0;32mI (230) app_init: ESP-IDF:          v5.4-dev-2306-gdbce23f8a4-dirty[0m
[0;32mI (237) efuse_init: Min chip rev:     v0.0[0m
[0;32mI (241) efuse_init: Max chip rev:     v3.99 [0m
[0;32mI (246) efuse_init: Chip rev:         v3.1[0m
[0;32mI (251) heap_init: Initializing. RAM available for dynamic allocation:[0m
[0;32mI (258) heap_init: At 3FFAE6E0 len 00001920 (6 KiB): DRAM[0m
[0;32mI (264) heap_init: At 3FFB2C30 len 0002D3D0 (180 KiB): DRAM[0m
[0;32mI (271) heap_init: At 3FFE0440 len 00003AE0 (14 KiB): D/IRAM[0m
[0;32mI (277) heap_init: At 3FFE4350 len 0001BCB0 (111 KiB): D/IRAM[0m
[0;32mI (283) heap_init: At 4008CE0C len 000131F4 (76 KiB): IRAM[0m
[0;32mI (291) spi_flash: detected chip: generic[0m
[0;32mI (294) spi_flash: flash io: dio[0m
[0;33mW (298) spi_flash: Detected size(4096k) larger than the size in the binary image header(2048k). Using the size in the binary image header.[0m
[0;32mI (312) main_task: Started on CPU0[0m
[0;32mI (322) main_task: Calling app_main()[0m
[0;32mI (322) object_sensor: Initializing object sensor's task[0m
[0;32mI (322) main_task: Returned 
abort() was called at PC 0x40082743 on core 0


Backtrace: 0x40081845:0x3ffb0a50 0x400858a9:0x3ffb0a70 0x4008b6e5:0x3ffb0a90 0x40082743:0x3ffb0b00 0x40082881:0x3ffb0b30 0x400828fa:0x3ffb0b50 0x400d9e3a:0x3ffb0b80 0x400d946d:0x3ffb0ea0 0x400e45f9:0x3ffb0ed0 0x4008b655:0x3ffb0f00 0x400d6645:0x3ffb0f50 0x40082ff5:0x3ffb0f70 0x400830c7:0x3ffb0fa0 0x40082da1:0x3ffb0fd0 0x400d46c6:0x3ffb3990 0x400d4e83:0x3ffb39c0 0x400d5c09:0x3ffb39e0 0x4000bd83:0x3ffb3a00 0x4000182a:0x3ffb3a20 0x400d5775:0x3ffb3a40 0x400d5c09:0x3ffb3a60 0x4000bd83:0x3ffb3a80 0x4000117d:0x3ffb3aa0 0x400592fe:0x3ffb3ac0 0x4005937a:0x3ffb3ae0 0x400d93c5:0x3ffb3b00 0x400dd27f:0x3ffb3b30 0x400dcc5d:0x3ffb3b50 0x400d946d:0x3ffb3e70 0x400e45f9:0x3ffb3ea0 0x4008b655:0x3ffb3ed0 0x400e4041:0x3ffb3f20 0x4008610d:0x3ffb3f50




ELF file SHA256: 2b0e1943a

Rebooting...
ets Jul 29 2019 12:21:46

rst:0xc (SW_CPU_RESET),boot:0x13 (SPI_FAST_FLASH_BOOT)
configsip: 0, SPIWP:0xee
clk_drv:0x00,q_drv:0x00,d_drv:0x00,cs0_drv:0x00,hd_drv:0x00,wp_drv:0x00
mode:DIO, clock div:2
load:0x3fff0030,len:7112
load:0x40078000,len:15788
ho 0 tail 12 room 4
load:0x40080400,len:4
load:0x40080404,len:3904
entry 0x40080640
[0;32mI (31) boot: ESP-IDF v5.4-dev-2306-gdbce23f8a4-dirty 2nd stage bootloader[0m
[0;32mI (31) boot: compile time Sep  2 2024 13:56:10[0m
[0;32mI (33) boot: Multicore bootloader[0m
[0;32mI (37) boot: chip revision: v3.1[0m
[0;32mI (41) boot.esp32: SPI Speed      : 40MHz[0m
[0;32mI (46) boot.esp32: SPI Mode       : DIO[0m
[0;32mI (50) boot.esp32: SPI Flash Size : 2MB[0m
[0;32mI (55) boot: Enabling RNG early entropy source...[0m
[0;32mI (60) boot: Partition Table:[0m
[0;32mI (64) boot: ## Label            Usage          Type ST Offset   Length[0m
[0;32mI (71) boot:  0 nvs              WiFi data        01 02 00009000 00006000[0m
[0;32mI (79) boot:  1 phy_init         RF data          01 01 0000f000 00001000[0m
[0;32mI (86) boot:  2 factory          factory app      00 00 00010000 00100000[0m
[0;32mI (94) boot: End of partition table[0m
[0;32mI (98) esp_image: segment 0: paddr=00010020 vaddr=3f400020 size=099d0h ( 39376) map[0m
[0;32mI (120) esp_image: segment 1: paddr=000199f8 vaddr=3ffb0000 size=02364h (  9060) load[0m
[0;32mI (124) esp_image: segment 2: paddr=0001bd64 vaddr=40080000 size=042b4h ( 17076) load[0m
[0;32mI (132) esp_image: segment 3: paddr=00020020 vaddr=400d0020 size=14660h ( 83552) map[0m
[0;32mI (163) esp_image: segment 4: paddr=00034688 vaddr=400842b4 size=08b58h ( 35672) load[0m
[0;32mI (184) boot: Loaded app from partition at offset 0x10000[0m
[0;32mI (184) boot: Disabling RNG early entropy source...[0m
[0;32mI (196) cpu_start: Multicore app[0m
[0;32mI (204) cpu_start: Pro cpu start user code[0m
[0;32mI (204) cpu_start: cpu freq: 160000000 Hz[0m
[0;32mI (204) app_init: Application information:[0m
[0;32mI (207) app_init: Project name:     esp_rgb_led_strip[0m
[0;32mI (213) app_init: App version:      7e387a1-dirty[0m
[0;32mI (218) app_init: Compile time:     Sep  2 2024 13:56:04[0m
[0;32mI (224) app_init: ELF file SHA256:  2b0e1943a...[0m
[0;32mI (230) app_init: ESP-IDF:          v5.4-dev-2306-gdbce23f8a4-dirty[0m
[0;32mI (237) efuse_init: Min chip rev:     v0.0[0m
[0;32mI (241) efuse_init: Max chip rev:     v3.99 [0m
[0;32mI (246) efuse_init: Chip rev:         v3.1[0m
[0;32mI (251) heap_init: Initializing. RAM available for dynamic allocation:[0m
[0;32mI (258) heap_init: At 3FFAE6E0 len 00001920 (6 KiB): DRAM[0m
[0;32mI (264) heap_init: At 3FFB2C30 len 0002D3D0 (180 KiB): DRAM[0m
[0;32mI (271) heap_init: At 3FFE0440 len 00003AE0 (14 KiB): D/IRAM[0m
[0;32mI (277) heap_init: At 3FFE4350 len 0001BCB0 (111 KiB): D/IRAM[0m
[0;32mI (283) heap_init: At 4008CE0C len 000131F4 (76 KiB): IRAM[0m
[0;32mI (291) spi_flash: detected chip: generic[0m
[0;32mI (294) spi_flash: flash io: dio[0m
[0;33mW (298) spi_flash: Detected size(4096k) larger than the size in the binary image header(2048k). Using the size in the binary image header.[0m
[0;32mI (312) main_task: Started on CPU0[0m
[0;32mI (322) main_task: Calling app_main()[0m
[0;32mI (322) object_sensor: Initializing object sensor's task[0m
[0;32mI (322) main_task: Returned from app_main()[0m

abort() was called at PC 0x40082743 on core 0


Backtrace: 0x40081845:0x3ffb0a50 0x400858a9:0x3ffb0a70 0x4008b6e5:0x3ffb0a90 0x40082743:0x3ffb0b00 0x40082881:0x3ffb0b30 0x400828fa:0x3ffb0b50 0x400d9e3a:0x3ffb0b80 0x400d946d:0x3ffb0ea0 0x400e45f9:0x3ffb0ed0 0x4008b655:0x3ffb0f00 0x400d6645:0x3ffb0f50 0x40082ff5:0x3ffb0f70 0x400830c7:0x3ffb0fa0 0x40082da1:0x3ffb0fd0 0x40084697:0x3ffb4500 0x400d2233:0x3ffb4520 0x40086f0e:0x3ffb4540 0x4008610d:0x3ffb4560




ELF file SHA256: 2b0e1943a

Rebooting...
ets Jul 29 2019 12:21:46

rst:0xc (SW_CPU_RESET),boot:0x13 (SPI_FAST_FLASH_BOOT)
configsip: 0, SPIWP:0xee
clk_drv:0x00,q_drv:0x00,d_drv:0x00,cs0_drv:0x00,hd_drv:0x00,wp_drv:0x00
mode:DIO, clock div:2
load:0x3fff0030,len:7112
load:0x40078000,len:15788
ho 0 tail 12 room 4
load:0x40080400,len:4
load:0x40080404,len:3904
entry 0x40080640
[0;32mI (31) boot: ESP-IDF v5.4-dev-2306-gdbce23f8a4-dirty 2nd stage bootloader[0m
[0;32mI (31) boot: compile time Sep  2 2024 13:56:10[0m
[0;32mI (33) boot: Multicore bootloader[0m
[0;32mI (37) boot: chip revision: v3.1[0m
[0;32mI (41) boot.esp32: SPI Speed      : 40MHz[0m
[0;32mI (46) boot.esp32: SPI Mode       : DIO[0m
[0;32mI (50) boot.esp32: SPI Flash Size : 2MB[0m
[0;32mI (55) boot: Enabling RNG early entropy source...[0m
[0;32mI (60) boot: Partition Table:[0m
[0;32mI (64) boot: ## Label            Usage          Type ST Offset   Length[0m
[0;32mI (71) boot:  0 nvs              WiFi data        01 02 00009000 00006000[0m
[0;32mI (79) boot:  1 phy_init         RF data          01 01 0000f000 00001000[0m
[0;32mI (86) boot:  2 factory          factory app      00 00 00010000 00100000[0m
[0;32mI (94) boot: End of partition table[0m
[0;32mI (98) esp_image: segment 0: paddr=00010020 vaddr=3f400020 size=099d0h ( 39376) map[0m
[0;32mI (120) esp_image: segment 1: paddr=000199f8 vaddr=3ffb0000 size=02364h (  9060) load[0m
[0;32mI (124) esp_image: segment 2: paddr=0001bd64 vaddr=40080000 size=042b4h ( 17076) load[0m
[0;32mI (132) esp_image: segment 3: paddr=00020020 vaddr=400d0020 size=14660h ( 83552) map[0m
[0;32mI (163) esp_image: segment 4: paddr=00034688 vaddr=400842b4 size=08b58h ( 35672) load[0m
[0;32mI (184) boot: Loaded app from partition at offset 0x10000[0m
[0;32mI (184) boot: Disabling RNG early entropy source...[0m
[0;32mI (196) cpu_start: Multicore app[0m
[0;32mI (204) cpu_start: Pro cpu start user code[0m
[0;32mI (204) cpu_start: cpu freq: 160000000 Hz[0m
[0;32mI (204) app_init: Application information:[0m
[0;32mI (207) app_init: Project name:     esp_rgb_led_strip[0m
[0;32mI (213) app_init: App version:      7e387a1-dirty[0m
[0;32mI (218) app_init: Compile time:     Sep  2 2024 13:56:04[0m
[0;32mI (224) app_init: ELF file SHA256:  2b0e1943a...[0m
[0;32mI (230) app_init: ESP-IDF:          v5.4-dev-2306-gdbce23f8a4-dirty[0m
[0;32mI (237) efuse_init: Min chip rev:     v0.0[0m
[0;32mI (241) efuse_init: Max chip rev:     v3.99 [0m
[0;32mI (246) efuse_init: Chip rev:         v3.1[0m
[0;32mI (251) heap_init: Initializing. RAM available for dynamic allocation:[0m
[0;32mI (258) heap_init: At 3FFAE6E0 len 00001920 (6 KiB): DRAM[0m
[0;32mI (264) heap_init: At 3FFB2C30 len 0002D3D0 (180 KiB): DRAM[0m
[0;32mI (271) heap_init: At 3FFE0440 len 00003AE0 (14 KiB): D/IRAM[0m
[0;32mI (277) heap_init: At 3FFE4350 len 0001BCB0 (111 KiB): D/IRAM[0m
[0;32mI (283) heap_init: At 4008CE0C len 000131F4 (76 KiB): IRAM[0m
[0;32mI (291) spi_flash: detected chip: generic[0m
[0;32mI (294) spi_flash: flash io: dio[0m
[0;33mW (298) spi_flash: Detected size(4096k) larger than the size in the binary image header(2048k). Using the size in the binary image header.[0m
[0;32mI (312) main_task: Started on CPU0[0m
[0;32mI (322) main_task: Calling app_main()[0m
[0;32mI (322) object_sensor: Initializing object sensor's task[0m
[0;32mI (322) main
abort() was called at PC 0x40082743 on core 0


Backtrace: 0x40081845:0x3ffb0a50 0x400858a9:0x3ffb0a70 0x4008b6e5:0x3ffb0a90 0x40082743:0x3ffb0b00 0x40082881:0x3ffb0b30 0x400828fa:0x3ffb0b50 0x400d9e3a:0x3ffb0b80 0x400d946d:0x3ffb0ea0 0x400e45f9:0x3ffb0ed0 0x4008b655:0x3ffb0f00 0x400d6645:0x3ffb0f50 0x40082ff5:0x3ffb0f70 0x400830c7:0x3ffb0fa0 0x40082da1:0x3ffb0fd0 0x400d46c1:0x3ffb3990 0x400d4e83:0x3ffb39c0 0x400d5c09:0x3ffb39e0 0x4000bd83:0x3ffb3a00 0x4000182a:0x3ffb3a20 0x400d5775:0x3ffb3a40 0x400d5c09:0x3ffb3a60 0x4000bd83:0x3ffb3a80 0x4000117d:0x3ffb3aa0 0x400592fe:0x3ffb3ac0 0x4005937a:0x3ffb3ae0 0x400d93c5:0x3ffb3b00 0x400dd27f:0x3ffb3b30 0x400dcc5d:0x3ffb3b50 0x400d946d:0x3ffb3e70 0x400e45f9:0x3ffb3ea0 0x4008b655:0x3ffb3ed0 0x400e4041:0x3ffb3f20 0x4008610d:0x3ffb3f50




ELF file SHA256: 2b0e1943a

Rebooting...
ets Jul 29 2019 12:21:46

rst:0xc (SW_CPU_RESET),boot:0x13 (SPI_FAST_FLASH_BOOT)
configsip: 0, SPIWP:0xee
clk_drv:0x00,q_drv:0x00,d_drv:0x00,cs0_drv:0x00,hd_drv:0x00,wp_drv:0x00
mode:DIO, clock div:2
load:0x3fff0030,len:7112
load:0x40078000,len:15788
ho 0 tail 12 room 4
load:0x40080400,len:4
load:0x40080404,len:3904
entry 0x40080640
[0;32mI (31) boot: ESP-IDF v5.4-dev-2306-gdbce23f8a4-dirty 2nd stage bootloader[0m
[0;32mI (31) boot: compile time Sep  2 2024 13:56:10[0m
[0;32mI (33) boot: Multicore bootloader[0m
[0;32mI (37) boot: chip revision: v3.1[0m
[0;32mI (41) boot.esp32: SPI Speed      : 40MHz[0m
[0;32mI (46) boot.esp32: SPI Mode       : DIO[0m
[0;32mI (50) boot.esp32: SPI Flash Size : 2MB[0m
[0;32mI (55) boot: Enabling RNG early entropy source...[0m
[0;32mI (60) boot: Partition Table:[0m
[0;32mI (64) boot: ## Label            Usage          Type ST Offset   Length[0m
[0;32mI (71) boot:  0 nvs              WiFi data        01 02 00009000 00006000[0m
[0;32mI (79) boot:  1 phy_init         RF data          01 01 0000f000 00001000[0m
[0;32mI (86) boot:  2 factory          factory app      00 00 00010000 00100000[0m
[0;32mI (94) boot: End of partition table[0m
[0;32mI (98) esp_image: segment 0: paddr=00010020 vaddr=3f400020 size=099d0h ( 39376) map[0m
[0;32mI (120) esp_image: segment 1: paddr=000199f8 vaddr=3ffb0000 size=02364h (  9060) load[0m
[0;32mI (124) esp_image: segment 2: paddr=0001bd64 vaddr=40080000 size=042b4h ( 17076) load[0m
[0;32mI (132) esp_image: segment 3: paddr=00020020 vaddr=400d0020 size=14660h ( 83552) map[0m
[0;32mI (163) esp_image: segment 4: paddr=00034688 vaddr=400842b4 size=08b58h ( 35672) load[0m
[0;32mI (184) boot: Loaded app from partition at offset 0x10000[0m
[0;32mI (184) boot: Disabling RNG early entropy source...[0m
[0;32mI (196) cpu_start: Multicore app[0m
[0;32mI (204) cpu_start: Pro cpu start user code[0m
[0;32mI (204) cpu_start: cpu freq: 160000000 Hz[0m
[0;32mI (204) app_init: Application information:[0m
[0;32mI (207) app_init: Project name:     esp_rgb_led_strip[0m
[0;32mI (213) app_init: App version:      7e387a1-dirty[0m
[0;32mI (218) app_init: Compile time:     Sep  2 2024 13:56:04[0m
[0;32mI (224) app_init: ELF file SHA256:  2b0e1943a...[0m
[0;32mI (230) app_init: ESP-IDF:          v5.4-dev-2306-gdbce23f8a4-dirty[0m
[0;32mI (237) efuse_init: Min chip rev:     v0.0[0m
[0;32mI (241) efuse_init: Max chip rev:     v3.99 [0m
[0;32mI (246) efuse_init: Chip rev:         v3.1[0m
[0;32mI (251) heap_init: Initializing. RAM available for dynamic allocation:[0m
[0;32mI (258) heap_init: At 3FFAE6E0 len 00001920 (6 KiB): DRAM[0m
[0;32mI (264) heap_init: At 3FFB2C30 len 0002D3D0 (180 KiB): DRAM[0m
[0;32mI (271) heap_init: At 3FFE0440 len 00003AE0 (14 KiB): D/IRAM[0m
[0;32mI (277) heap_init: At 3FFE4350 len 0001BCB0 (111 KiB): D/IRAM[0m
[0;32mI (283) heap_init: At 4008CE0C len 000131F4 (76 KiB): IRAM[0m
[0;32mI (291) spi_flash: detected chip: generic[0m
[0;32mI (294) spi_flash: flash io: dio[0m
[0;33mW (298) spi_flash: Detected size(4096k) larger than the size in the binary image header(2048k). Using the size in the binary image header.[0m
[0;32mI (312) main_task: Started on CPU0[0m
[0;32mI (322) main_task: Calling app_main()[0m
[0;32mI (322) object_sensor: Initializing object sensor's task[0m
[0;32mI (322) main_task: Returned from app_main()[0m

abort() was called at PC 0x40082743 on core 0


Backtrace: 0x40081845:0x3ffb0a50 0x400858a9:0x3ffb0a70 0x4008b6e5:0x3ffb0a90 0x40082743:0x3ffb0b00 0x40082881:0x3ffb0b30 0x400828fa:0x3ffb0b50 0x400d9e3a:0x3ffb0b80 0x400d946d:0x3ffb0ea0 0x400e45f9:0x3ffb0ed0 0x4008b655:0x3ffb0f00 0x400d6645:0x3ffb0f50 0x40082ff5:0x3ffb0f70 0x400830c7:0x3ffb0fa0 0x40082da1:0x3ffb0fd0 0x40084697:0x3ffb4500 0x400d2233:0x3ffb4520 0x40086f0e:0x3ffb4540 0x4008610d:0x3ffb4560




ELF file SHA256: 2b0e1943a

Rebooting...
ets Jul 29 2019 12:21:46

rst:0xc (SW_CPU_RESET),boot:0x13 (SPI_FAST_FLASH_BOOT)
configsip: 0, SPIWP:0xee
clk_drv:0x00,q_drv:0x00,d_drv:0x00,cs0_drv:0x00,hd_drv:0x00,wp_drv:0x00
mode:DIO, clock div:2
load:0x3fff0030,len:7112
load:0x40078000,len:15788
ho 0 tail 12 room 4
load:0x40080400,len:4
load:0x40080404,len:3904
entry 0x40080640
[0;32mI (31) boot: ESP-IDF v5.4-dev-2306-gdbce23f8a4-dirty 2nd stage bootloader[0m
[0;32mI (31) boot: compile time Sep  2 2024 13:56:10[0m
[0;32mI (33) boot: Multicore bootloader[0m
[0;32mI (37) boot: chip revision: v3.1[0m
[0;32mI (41) boot.esp32: SPI Speed      : 40MHz[0m
[0;32mI (46) boot.esp32: SPI Mode       : DIO[0m
[0;32mI (50) boot.esp32: SPI Flash Size : 2MB[0m
[0;32mI (55) boot: Enabling RNG early entropy source...[0m
[0;32mI (60) boot: Partition Table:[0m
[0;32mI (64) boot: ## Label            Usage          Type ST Offset   Length[0m
[0;32mI (71) boot:  0 nvs              WiFi data        01 02 00009000 00006000[0m
[0;32mI (79) boot:  1 phy_init         RF data          01 01 0000f000 00001000[0m
[0;32mI (86) boot:  2 factory          factory app      00 00 00010000 00100000[0m
[0;32mI (94) boot: End of partition table[0m
[0;32mI (98) esp_image: segment 0: paddr=00010020 vaddr=3f400020 size=099d0h ( 39376) map[0m
[0;32mI (120) esp_image: segment 1: paddr=000199f8 vaddr=3ffb0000 size=02364h (  9060) load[0m
[0;32mI (124) esp_image: segment 2: paddr=0001bd64 vaddr=40080000 size=042b4h ( 17076) load[0m
[0;32mI (132) esp_image: segment 3: paddr=00020020 vaddr=400d0020 size=14660h ( 83552) map[0m
[0;32mI (163) esp_image: segment 4: paddr=00034688 vaddr=400842b4 size=08b58h ( 35672) load[0m
[0;32mI (184) boot: Loaded app from partition at offset 0x10000[0m
[0;32mI (184) boot: Disabling RNG early entropy source...[0m
[0;32mI (196) cpu_start: Multicore app[0m
[0;32mI (204) cpu_start: Pro cpu start user code[0m
[0;32mI (204) cpu_start: cpu freq: 160000000 Hz[0m
[0;32mI (204) app_init: Application information:[0m
[0;32mI (207) app_init: Project name:     esp_rgb_led_strip[0m
[0;32mI (213) app_init: App version:      7e387a1-dirty[0m
[0;32mI (218) app_init: Compile time:     Sep  2 2024 13:56:04[0m
[0;32mI (224) app_init: ELF file SHA256:  2b0e1943a...[0m
[0;32mI (230) app_init: ESP-IDF:          v5.4-dev-2306-gdbce23f8a4-dirty[0m
[0;32mI (237) efuse_init: Min chip rev:     v0.0[0m
[0;32mI (241) efuse_init: Max chip rev:     v3.99 [0m
[0;32mI (246) efuse_init: Chip rev:         v3.1[0m
[0;32mI (251) heap_init: Initializing. RAM available for dynamic allocation:[0m
[0;32mI (259) heap_init: At 3FFAE6E0 len 00001920 (6 KiB): DRAM[0m
[0;32mI (264) heap_init: At 3FFB2C30 len 0002D3D0 (180 KiB): DRAM[0m
[0;32mI (271) heap_init: At 3FFE0440 len 00003AE0 (14 KiB): D/IRAM[0m
[0;32mI (277) heap_init: At 3FFE4350 len 0001BCB0 (111 KiB): D/IRAM[0m
[0;32mI (283) heap_init: At 4008CE0C len 000131F4 (76 KiB): IRAM[0m
[0;32mI (291) spi_flash: detected chip: generic[0m
[0;32mI (294) spi_flash: flash io: dio[0m
[0;33mW (298) spi_flash: Detected size(4096k) larger than the size in the binary image header(2048k). Using the size in the binary image header.[0m
[0;32mI (312) main_task: Started on CPU0[0m
[0;32mI (322) main_task: Calling app_main()[0m
[0;32mI (322) object_sensor: Initializing object sensor's task[0m
[0;32mI (322) m
abort() was called at PC 0x40082743 on core 0


Backtrace: 0x40081845:0x3ffb0a50 0x400858a9:0x3ffb0a70 0x4008b6e5:0x3ffb0a90 0x40082743:0x3ffb0b00 0x40082881:0x3ffb0b30 0x400828fa:0x3ffb0b50 0x400d9e3a:0x3ffb0b80 0x400d946d:0x3ffb0ea0 0x400e45f9:0x3ffb0ed0 0x4008b655:0x3ffb0f00 0x400d6645:0x3ffb0f50 0x40082ff5:0x3ffb0f70 0x400830c7:0x3ffb0fa0 0x40082da1:0x3ffb0fd0 0x400d46cb:0x3ffb3990 0x400d4e83:0x3ffb39c0 0x400d5c09:0x3ffb39e0 0x4000bd83:0x3ffb3a00 0x4000182a:0x3ffb3a20 0x400d5775:0x3ffb3a40 0x400d5c09:0x3ffb3a60 0x4000bd83:0x3ffb3a80 0x4000117d:0x3ffb3aa0 0x400592fe:0x3ffb3ac0 0x4005937a:0x3ffb3ae0 0x400d93c5:0x3ffb3b00 0x400dd27f:0x3ffb3b30 0x400dcc5d:0x3ffb3b50 0x400d946d:0x3ffb3e70 0x400e45f9:0x3ffb3ea0 0x4008b655:0x3ffb3ed0 0x400e4041:0x3ffb3f20 0x4008610d:0x3ffb3f50




ELF file SHA256: 2b0e1943a

Rebooting...
ets Jul 29 2019 12:21:46

rst:0xc (SW_CPU_RESET),boot:0x13 (SPI_FAST_FLASH_BOOT)
configsip: 0, SPIWP:0xee
clk_drv:0x00,q_drv:0x00,d_drv:0x00,cs0_drv:0x00,hd_drv:0x00,wp_drv:0x00
mode:DIO, clock div:2
load:0x3fff0030,len:7112
load:0x40078000,len:15788
ho 0 tail 12 room 4
load:0x40080400,len:4
load:0x40080404,len:3904
entry 0x40080640
[0;32mI (31) boot: ESP-IDF v5.4-dev-2306-gdbce23f8a4-dirty 2nd stage bootloader[0m
[0;32mI (31) boot: compile time Sep  2 2024 13:56:10[0m
[0;32mI (33) boot: Multicore bootloader[0m
[0;32mI (37) boot: chip revision: v3.1[0m
[0;32mI (41) boot.esp32: SPI Speed      : 40MHz[0m
[0;32mI (46) boot.esp32: SPI Mode       : DIO[0m
[0;32mI (50) boot.esp32: SPI Flash Size : 2MB[0m
[0;32mI (55) boot: Enabling RNG early entropy source...[0m
[0;32mI (60) boot: Partition Table:[0m
[0;32mI (64) boot: ## Label            Usage          Type ST Offset   Length[0m
[0;32mI (71) boot:  0 nvs              WiFi data        01 02 00009000 00006000[0m
[0;32mI (79) boot:  1 phy_init         RF data          01 01 0000f000 00001000[0m
[0;32mI (86) boot:  2 factory          factory app      00 00 00010000 00100000[0m
[0;32mI (94) boot: End of partition table[0m
[0;32mI (98) esp_image: segment 0: paddr=00010020 vaddr=3f400020 size=099d0h ( 39376) map[0m
[0;32mI (120) esp_image: segment 1: paddr=000199f8 vaddr=3ffb0000 size=02364h (  9060) load[0m
[0;32mI (124) esp_image: segment 2: paddr=0001bd64 vaddr=40080000 size=042b4h ( 17076) load[0m
[0;32mI (132) esp_image: segment 3: paddr=00020020 vaddr=400d0020 size=14660h ( 83552) map[0m
[0;32mI (163) esp_image: segment 4: paddr=00034688 vaddr=400842b4 size=08b58h ( 35672) load[0m
[0;32mI (184) boot: Loaded app from partition at offset 0x10000[0m
[0;32mI (184) boot: Disabling RNG early entropy source...[0m
[0;32mI (196) cpu_start: Multicore app[0m
[0;32mI (204) cpu_start: Pro cpu start user code[0m
[0;32mI (204) cpu_start: cpu freq: 160000000 Hz[0m
[0;32mI (204) app_init: Application information:[0m
[0;32mI (207) app_init: Project name:     esp_rgb_led_strip[0m
[0;32mI (213) app_init: App version:      7e387a1-dirty[0m
[0;32mI (218) app_init: Compile time:     Sep  2 2024 13:56:04[0m
[0;32mI (224) app_init: ELF file SHA256:  2b0e1943a...[0m
[0;32mI (230) app_init: ESP-IDF:          v5.4-dev-2306-gdbce23f8a4-dirty[0m
[0;32mI (237) efuse_init: Min chip rev:     v0.0[0m
[0;32mI (241) efuse_init: Max chip rev:     v3.99 [0m
[0;32mI (246) efuse_init: Chip rev:         v3.1[0m
[0;32mI (251) heap_init: Initializing. RAM available for dynamic allocation:[0m
[0;32mI (258) heap_init: At 3FFAE6E0 len 00001920 (6 KiB): DRAM[0m
[0;32mI (264) heap_init: At 3FFB2C30 len 0002D3D0 (180 KiB): DRAM[0m
[0;32mI (271) heap_init: At 3FFE0440 len 00003AE0 (14 KiB): D/IRAM[0m
[0;32mI (277) heap_init: At 3FFE4350 len 0001BCB0 (111 KiB): D/IRAM[0m
[0;32mI (283) heap_init: At 4008CE0C len 000131F4 (76 KiB): IRAM[0m
[0;32mI (291) spi_flash: detected chip: generic[0m
[0;32mI (294) spi_flash: flash io: dio[0m
[0;33mW (298) spi_flash: Detected size(4096k) larger than the size in the binary image header(2048k). Using the size in the binary image header.[0m
[0;32mI (312) main_task: Started on CPU0[0m
[0;32mI (322) main_task: Calling app_main()[0m
[0;32mI (322) object_sensor: Initializing object sensor's task[0m

abort() was called at PC 0x40082743 on core 0


Backtrace: 0x40081845:0x3ffb0a50 0x400858a9:0x3ffb0a70 0x4008b6e5:0x3ffb0a90 0x40082743:0x3ffb0b00 0x40082881:0x3ffb0b30 0x400828fa:0x3ffb0b50 0x400d9e3a:0x3ffb0b80 0x400d946d:0x3ffb0ea0 0x400e45f9:0x3ffb0ed0 0x4008b655:0x3ffb0f00 0x400d6645:0x3ffb0f50 0x40082ff5:0x3ffb0f70 0x400830c7:0x3ffb0fa0 0x40082da1:0x3ffb0fd0 0x4000bfed:0x3ffb52f0 0x40087a96:0x3ffb5300 0x40087b95:0x3ffb5320 0x400d666f:0x3ffb5340 0x4008610d:0x3ffb5360




ELF file SHA256: 2b0e1943a

Rebooting...
ets Jul 29 2019 12:21:46

rst:0xc (SW_CPU_RESET),boot:0x13 (SPI_FAST_FLASH_BOOT)
configsip: 0, SPIWP:0xee
clk_drv:0x00,q_drv:0x00,d_drv:0x00,cs0_drv:0x00,hd_drv:0x00,wp_drv:0x00
mode:DIO, clock div:2
load:0x3fff0030,len:7112
load:0x40078000,len:15788
ho 0 tail 12 room 4
load:0x40080400,len:4
load:0x40080404,len:3904
entry 0x40080640
[0;32mI (31) boot: ESP-IDF v5.4-dev-2306-gdbce23f8a4-dirty 2nd stage bootloader[0m
[0;32mI (31) boot: compile time Sep  2 2024 13:56:10[0m
[0;32mI (33) boot: Multicore bootloader[0m
[0;32mI (37) boot: chip revision: v3.1[0m
[0;32mI (41) boot.esp32: SPI Speed      : 40MHz[0m
[0;32mI (46) boot.esp32: SPI Mode       : DIO[0m
[0;32mI (50) boot.esp32: SPI Flash Size : 2MB[0m
[0;32mI (55) boot: Enabling RNG early entropy source...[0m
[0;32mI (60) boot: Partition Table:[0m
[0;32mI (64) boot: ## Label            Usage          Type ST Offset   Length[0m
[0;32mI (71) boot:  0 nvs              WiFi data        01 02 00009000 00006000[0m
[0;32mI (79) boot:  1 phy_init         RF data          01 01 0000f000 00001000[0m
[0;32mI (86) boot:  2 factory          factory app      00 00 00010000 00100000[0m
[0;32mI (94) boot: End of partition table[0m
[0;32mI (98) esp_image: segment 0: paddr=00010020 vaddr=3f400020 size=099d0h ( 39376) map[0m
[0;32mI (120) esp_image: segment 1: paddr=000199f8 vaddr=3ffb0000 size=02364h (  9060) load[0m
[0;32mI (124) esp_image: segment 2: paddr=0001bd64 vaddr=40080000 size=042b4h ( 17076) load[0m
[0;32mI (132) esp_image: segment 3: paddr=00020020 vaddr=400d0020 size=14660h ( 83552) map[0m
[0;32mI (163) esp_image: segment 4: paddr=00034688 vaddr=400842b4 size=08b58h ( 35672) load[0m
[0;32mI (184) boot: Loaded app from partition at offset 0x10000[0m
[0;32mI (184) boot: Disabling RNG early entropy source...[0m
[0;32mI (196) cpu_start: Multicore app[0m
[0;32mI (204) cpu_start: Pro cpu start user code[0m
[0;32mI (204) cpu_start: cpu freq: 160000000 Hz[0m
[0;32mI (204) app_init: Application information:[0m
[0;32mI (207) app_init: Project name:     esp_rgb_led_strip[0m
[0;32mI (213) app_init: App version:      7e387a1-dirty[0m
[0;32mI (218) app_init: Compile time:     Sep  2 2024 13:56:04[0m
[0;32mI (224) app_init: ELF file SHA256:  2b0e1943a...[0m
[0;32mI (230) app_init: ESP-IDF:          v5.4-dev-2306-gdbce23f8a4-dirty[0m
[0;32mI (237) efuse_init: Min chip rev:     v0.0[0m
[0;32mI (241) efuse_init: Max chip rev:     v3.99 [0m
[0;32mI (246) efuse_init: Chip rev:         v3.1[0m
[0;32mI (251) heap_init: Initializing. RAM available for dynamic allocation:[0m
[0;32mI (259) heap_init: At 3FFAE6E0 len 00001920 (6 KiB): DRAM[0m
[0;32mI (264) heap_init: At 3FFB2C30 len 0002D3D0 (180 KiB): DRAM[0m
[0;32mI (271) heap_init: At 3FFE0440 len 00003AE0 (14 KiB): D/IRAM[0m
[0;32mI (277) heap_init: At 3FFE4350 len 0001BCB0 (111 KiB): D/IRAM[0m
[0;32mI (283) heap_init: At 4008CE0C len 000131F4 (76 KiB): IRAM[0m
[0;32mI (291) spi_flash: detected chip: generic[0m
[0;32mI (294) spi_flash: flash io: dio[0m
[0;33mW (298) spi_flash: Detected size(4096k) larger than the size in the binary image header(2048k). Using the size in the binary image header.[0m
[0;32mI (312) main_task: Started on CPU0[0m
[0;32mI (322) main_task: Calling app_main()[0m
[0;32mI (322) object_sensor: Initializing object sensor's task[0m
[0;32mI (322) main_task: Returned from app_main()[0m

abort() was called at PC 0x40082743 on core 0


Backtrace: 0x40081845:0x3ffb0a50 0x400858a9:0x3ffb0a70 0x4008b6e5:0x3ffb0a90 0x40082743:0x3ffb0b00 0x40082881:0x3ffb0b30 0x400828fa:0x3ffb0b50 0x400d9e3a:0x3ffb0b80 0x400d946d:0x3ffb0ea0 0x400e45f9:0x3ffb0ed0 0x4008b655:0x3ffb0f00 0x400d6645:0x3ffb0f50 0x40082ff5:0x3ffb0f70 0x400830c7:0x3ffb0fa0 0x40082da1:0x3ffb0fd0 0x40084697:0x3ffb4500 0x400d2233:0x3ffb4520 0x40086f0e:0x3ffb4540 0x4008610d:0x3ffb4560




ELF file SHA256: 2b0e1943a

Rebooting...
ets Jul 29 2019 12:21:46

rst:0xc (SW_CPU_RESET),boot:0x13 (SPI_FAST_FLASH_BOOT)
configsip: 0, SPIWP:0xee
clk_drv:0x00,q_drv:0x00,d_drv:0x00,cs0_drv:0x00,hd_drv:0x00,wp_drv:0x00
mode:DIO, clock div:2
load:0x3fff0030,len:7112
load:0x40078000,len:15788
ho 0 tail 12 room 4
load:0x40080400,len:4
load:0x40080404,len:3904
entry 0x40080640
[0;32mI (31) boot: ESP-IDF v5.4-dev-2306-gdbce23f8a4-dirty 2nd stage bootloader[0m
[0;32mI (31) boot: compile time Sep  2 2024 13:56:10[0m
[0;32mI (33) boot: Multicore bootloader[0m
[0;32mI (37) boot: chip revision: v3.1[0m
[0;32mI (41) boot.esp32: SPI Speed      : 40MHz[0m
[0;32mI (46) boot.esp32: SPI Mode       : DIO[0m
[0;32mI (50) boot.esp32: SPI Flash Size : 2MB[0m
[0;32mI (55) boot: Enabling RNG early entropy source...[0m
[0;32mI (60) boot: Partition Table:[0m
[0;32mI (64) boot: ## Label            Usage          Type ST Offset   Length[0m
[0;32mI (71) boot:  0 nvs              WiFi data        01 02 00009000 00006000[0m
[0;32mI (79) boot:  1 phy_init         RF data          01 01 0000f000 00001000[0m
[0;32mI (86) boot:  2 factory          factory app      00 00 00010000 00100000[0m
[0;32mI (94) boot: End of partition table[0m
[0;32mI (98) esp_image: segment 0: paddr=00010020 vaddr=3f400020 size=099d0h ( 39376) map[0m
[0;32mI (120) esp_image: segment 1: paddr=000199f8 vaddr=3ffb0000 size=02364h (  9060) load[0m
[0;32mI (124) esp_image: segment 2: paddr=0001bd64 vaddr=40080000 size=042b4h ( 17076) load[0m
[0;32mI (132) esp_image: segment 3: paddr=00020020 vaddr=400d0020 size=14660h ( 83552) map[0m
[0;32mI (163) esp_image: segment 4: paddr=00034688 vaddr=400842b4 size=08b58h ( 35672) load[0m
[0;32mI (184) boot: Loaded app from partition at offset 0x10000[0m
[0;32mI (184) boot: Disabling RNG early entropy source...[0m
[0;32mI (196) cpu_start: Multicore app[0m
[0;32mI (204) cpu_start: Pro cpu start user code[0m
[0;32mI (204) cpu_start: cpu freq: 160000000 Hz[0m
[0;32mI (204) app_init: Application information:[0m
[0;32mI (207) app_init: Project name:     esp_rgb_led_strip[0m
[0;32mI (213) app_init: App version:      7e387a1-dirty[0m
[0;32mI (218) app_init: Compile time:     Sep  2 2024 13:56:04[0m
[0;32mI (224) app_init: ELF file SHA256:  2b0e1943a...[0m
[0;32mI (230) app_init: ESP-IDF:          v5.4-dev-2306-gdbce23f8a4-dirty[0m
[0;32mI (237) efuse_init: Min chip rev:     v0.0[0m
[0;32mI (241) efuse_init: Max chip rev:     v3.99 [0m
[0;32mI (246) efuse_init: Chip rev:         v3.1[0m
[0;32mI (251) heap_init: Initializing. RAM available for dynamic allocation:[0m
[0;32mI (258) heap_init: At 3FFAE6E0 len 00001920 (6 KiB): DRAM[0m
[0;32mI (264) heap_init: At 3FFB2C30 len 0002D3D0 (180 KiB): DRAM[0m
[0;32mI (271) heap_init: At 3FFE0440 len 00003AE0 (14 KiB): D/IRAM[0m
[0;32mI (277) heap_init: At 3FFE4350 len 0001BCB0 (111 KiB): D/IRAM[0m
[0;32mI (283) heap_init: At 4008CE0C len 000131F4 (76 KiB): IRAM[0m
[0;32mI (291) spi_flash: detected chip: generic[0m
[0;32mI (294) spi_flash: flash io: dio[0m
[0;33mW (298) spi_flash: Detected size(4096k) larger than the size in the binary image header(2048k). Using the size in the binary image header.[0m
[0;32mI (312) main_task: Started on CPU0[0m
[0;32mI (322) main_task: Calling app_main()[0m
[0;32mI (322) object_sensor: Initializing object sensor's task[0m
[0;32mI (322) main_task: Returned from app_main()[0m

abort() was called at PC 0x40082743 on core 0


Backtrace: 0x40081845:0x3ffb0a50 0x400858a9:0x3ffb0a70 0x4008b6e5:0x3ffb0a90 0x40082743:0x3ffb0b00 0x40082881:0x3ffb0b30 0x400828fa:0x3ffb0b50 0x400d9e3a:0x3ffb0b80 0x400d946d:0x3ffb0ea0 0x400e45f9:0x3ffb0ed0 0x4008b655:0x3ffb0f00 0x400d6645:0x3ffb0f50 0x40082ff5:0x3ffb0f70 0x400830c7:0x3ffb0fa0 0x40082da1:0x3ffb0fd0 0x40084697:0x3ffb4500 0x400d2233:0x3ffb4520 0x40086f0e:0x3ffb4540 0x4008610d:0x3ffb4560




ELF file SHA256: 2b0e1943a

Rebooting...
ets Jul 29 2019 12:21:46

rst:0xc (SW_CPU_RESET),boot:0x13 (SPI_FAST_FLASH_BOOT)
configsip: 0, SPIWP:0xee
clk_drv:0x00,q_drv:0x00,d_drv:0x00,cs0_drv:0x00,hd_drv:0x00,wp_drv:0x00
mode:DIO, clock div:2
load:0x3fff0030,len:7112
load:0x40078000,len:15788
ho 0 tail 12 room 4
load:0x40080400,len:4
load:0x40080404,len:3904
entry 0x40080640
[0;32mI (31) boot: ESP-IDF v5.4-dev-2306-gdbce23f8a4-dirty 2nd stage bootloader[0m
[0;32mI (31) boot: compile time Sep  2 2024 13:56:10[0m
[0;32mI (33) boot: Multicore bootloader[0m
[0;32mI (37) boot: chip revision: v3.1[0m
[0;32mI (41) boot.esp32: SPI Speed      : 40MHz[0m
[0;32mI (46) boot.esp32: SPI Mode       : DIO[0m
[0;32mI (50) boot.esp32: SPI Flash Size : 2MB[0m
[0;32mI (55) boot: Enabling RNG early entropy source...[0m
[0;32mI (60) boot: Partition Table:[0m
[0;32mI (64) boot: ## Label            Usage          Type ST Offset   Length[0m
[0;32mI (71) boot:  0 nvs              WiFi data        01 02 00009000 00006000[0m
[0;32mI (79) boot:  1 phy_init         RF data          01 01 0000f000 00001000[0m
[0;32mI (86) boot:  2 factory          factory app      00 00 00010000 00100000[0m
[0;32mI (94) boot: End of partition table[0m
[0;32mI (98) esp_image: segment 0: paddr=00010020 vaddr=3f400020 size=099d0h ( 39376) map[0m
[0;32mI (120) esp_image: segment 1: paddr=000199f8 vaddr=3ffb0000 size=02364h (  9060) load[0m
[0;32mI (124) esp_image: segment 2: paddr=0001bd64 vaddr=40080000 size=042b4h ( 17076) load[0m
[0;32mI (132) esp_image: segment 3: paddr=00020020 vaddr=400d0020 size=14660h ( 83552) map[0m
[0;32mI (163) esp_image: segment 4: paddr=00034688 vaddr=400842b4 size=08b58h ( 35672) load[0m
[0;32mI (184) boot: Loaded app from partition at offset 0x10000[0m
[0;32mI (184) boot: Disabling RNG early entropy source...[0m
[0;32mI (196) cpu_start: Multicore app[0m
[0;32mI (204) cpu_start: Pro cpu start user code[0m
[0;32mI (204) cpu_start: cpu freq: 160000000 Hz[0m
[0;32mI (204) app_init: Application information:[0m
[0;32mI (207) app_init: Project name:     esp_rgb_led_strip[0m
[0;32mI (213) app_init: App version:      7e387a1-dirty[0m
[0;32mI (218) app_init: Compile time:     Sep  2 2024 13:56:04[0m
[0;32mI (224) app_init: ELF file SHA256:  2b0e1943a...[0m
[0;32mI (230) app_init: ESP-IDF:          v5.4-dev-2306-gdbce23f8a4-dirty[0m
[0;32mI (237) efuse_init: Min chip rev:     v0.0[0m
[0;32mI (241) efuse_init: Max chip rev:     v3.99 [0m
[0;32mI (246) efuse_init: Chip rev:         v3.1[0m
[0;32mI (251) heap_init: Initializing. RAM available for dynamic allocation:[0m
[0;32mI (258) heap_init: At 3FFAE6E0 len 00001920 (6 KiB): DRAM[0m
[0;32mI (264) heap_init: At 3FFB2C30 len 0002D3D0 (180 KiB): DRAM[0m
[0;32mI (271) heap_init: At 3FFE0440 len 00003AE0 (14 KiB): D/IRAM[0m
[0;32mI (277) heap_init: At 3FFE4350 len 0001BCB0 (111 KiB): D/IRAM[0m
[0;32mI (283) heap_init: At 4008CE0C len 000131F4 (76 KiB): IRAM[0m
[0;32mI (291) spi_flash: detected chip: generic[0m
[0;32mI (294) spi_flash: flash io: dio[0m
[0;33mW (298) spi_flash: Detected size(4096k) larger than the size in the binary image header(2048k). Using the size in the binary image header.[0m
[0;32mI (312) main_task: Started on CPU0[0m
[0;32mI (322) main_task: Calling app_main()[0m
[0;32mI (322) object_sensor: Initializing object sensor's task[0m
[0;32mI (322) main_task: Returned from app_main()[0m
