ore app[0m
[0;32mI (215) cpu_start: Pro cpu start useï¿½ets Jul 29 2019 12:21:46

rst:0x1 (POWERON_RESET),boot:0x13 (SPI_FAST_FLASH_BOOT)
configsip: 0, SPIWP:0xee
clk_drv:0x00,q_drv:0x00,d_drv:0x00,cs0_drv:0x00,hd_drv:0x00,wp_drv:0x00
mode:DIO, clock div:2
load:0x3fff0030,len:7112
load:0x40078000,len:15788
ho 0 tail 12 room 4
load:0x40080400,len:4
load:0x40080404,len:3904
entry 0x40080640
[0;32mI (31) boot: ESP-IDF v5.4-dev-2306-gdbce23f8a4-dirty 2nd stage bootloader[0m
[0;32mI (31) boot: compile time Sep  2 2024 13:56:10[0m
[0;32mI (33) boot: Multicore bootloader[0m
[0;32mI (38) boot: chip revision: v3.1[0m
[0;32mI (41) boot.esp32: SPI Speed      : 40MHz[0m
[0;32mI (46) boot.esp32: SPI Mode       : DIO[0m
[0;32mI (51) boot.esp32: SPI Flash Size : 2MB[0m
[0;32mI (55) boot: Enabling RNG early entropy source...[0m
[0;32mI (61) boot: Partition Table:[0m
[0;32mI (64) boot: ## Label            Usage          Type ST Offset   Length[0m
[0;32mI (71) boot:  0 nvs              WiFi data        01 02 00009000 00006000[0m
[0;32mI (79) boot:  1 phy_init         RF data          01 01 0000f000 00001000[0m
[0;32mI (86) boot:  2 factory          factory app      00 00 00010000 00100000[0m
[0;32mI (94) boot: End of partition table[0m
[0;32mI (98) esp_image: segment 0: paddr=00010020 vaddr=3f400020 size=0b398h ( 45976) map[0m
[0;32mI (122) esp_image: segment 1: paddr=0001b3c0 vaddr=3ffb0000 size=02658h (  9816) load[0m
[0;32mI (126) esp_image: segment 2: paddr=0001da20 vaddr=40080000 size=025f8h (  9720) load[0m
[0;32mI (132) esp_image: segment 3: paddr=00020020 vaddr=400d0020 size=16fcch ( 94156) map[0m
[0;32mI (169) esp_image: segment 4: paddr=00036ff4 vaddr=400825f8 size=0b4f0h ( 46320) load[0m
[0;32mI (194) boot: Loaded app from partition at offset 0x10000[0m
[0;32mI (194) boot: Disabling RNG early entropy source...[0m
[0;32mI (206) cpu_start: Multicore app[0m
[0;32mI (215) cpu_start: Pro cpu start user code[0m
[0;32mI (215) cpu_start: cpu freq: 160000000 Hz[0m
[0;32mI (215) app_init: Application information:[0m
[0;32mI (218) app_init: Project name:     esp_rgb_led_strip[0m
[0;32mI (224) app_init: App version:      1359082-dirty[0m
[0;32mI (229) app_init: Compile time:     Sep  2 2024 20:50:40[0m
[0;32mI (235) app_init: ELF file SHA256:  790d0c09d...[0m
[0;32mI (240) app_init: ESP-IDF:          v5.4-dev-2306-gdbce23f8a4-dirty[0m
[0;32mI (247) efuse_init: Min chip rev:     v0.0[0m
[0;32mI (252) efuse_init: Max chip rev:     v3.99 [0m
[0;32mI (257) efuse_init: Chip rev:         v3.1[0m
[0;32mI (262) heap_init: Initializing. RAM available for dynamic allocation:[0m
[0;32mI (269) heap_init: At 3FFAE6E0 len 00001920 (6 KiB): DRAM[0m
[0;32mI (275) heap_init: At 3FFB2F50 len 0002D0B0 (180 KiB): DRAM[0m
[0;32mI (281) heap_init: At 3FFE0440 len 00003AE0 (14 KiB): D/IRAM[0m
[0;32mI (288) heap_init: At 3FFE4350 len 0001BCB0 (111 KiB): D/IRAM[0m
[0;32mI (294) heap_init: At 4008DAE8 len 00012518 (73 KiB): IRAM[0m
[0;32mI (302) spi_flash: detected chip: generic[0m
[0;32mI (305) spi_flash: flash io: dio[0m
[0;33mW (309) spi_flash: Detected size(4096k) larger than the size in the binary image header(2048k). Using the size in the binary image header.[0m
[0;32mI (322) main_task: Started on CPU0[0m
[0;32mI (332) main_task: Calling app_main()[0m
[0;32mI (332) gpio: GPIO[0]| InputEn: 0| OutputEn: 1| OpenDrain: 0| Pullup: 1| Pulldown: 0| Intr:0 [0m
[0;32mI (332) rmt_app: Enable RMT TX channel[0m
[0;32mI (342) object_sensor: Initializing object sensor's task[0m
[0;32mI (372) main_task: Returned from app_main()[0m
[0;32mI (2602) object_sensor: Object sensore event occurred[0m
[0;32mI (2602) rmt_app: Selected RMT_APP_LED_MODE1[0m
[0;32mI (3602) object_sensor: Object sensore event occurred[0m
[0;32mI (3602) rmt_app: Selected RMT_APP_LED_OFF[0m
[0;32mI (4602) object_sensor: Object sensore event occurred[0m
[0;32mI (4602) rmt_app: Selected RMT_APP_LED_MODE1[0m
[0;32mI (5602) object_sensor: Object sensore event occurred[0m
[0;32mI (5602) rmt_app: Selected RMT_APP_LED_OFF[0m
[0;32mI (6602) object_sensor: Object sensore event occurred[0m
[0;32mI (6602) rmt_app: Selected RMT_APP_LED_MODE1[0m
[0;32mI (7602) object_sensor: Object sensore event occurred[0m
[0;32mI (7602) rmt_app: Selected RMT_APP_LED_OFF[0m
[0;32mI (8602) object_sensor: Object sensore event occurred[0m
[0;32mI (8602) rmt_app: Selected RMT_APP_LED_MODE1[0m
[0;32mI (9632) object_sensor: Object sensore event occurred[0m
[0;32mI (9632) rmt_app: Selected RMT_APP_LED_OFF[0m
[0;32mI (10632) object_sensor: Object sensore event occurred[0m
[0;32mI (10632) rmt_app: Selected RMT_APP_LED_MODE1[0m
[0;32mI (11632) object_sensor: Object sensore event occurred[0m
[0;32mI (11632) rmt_app: Selected RMT_APP_LED_OFF[0m
[0;32mI (55322) object_sensor: Object sensore event occurred[0m
[0;32mI (55322) rmt_app: Selected RMT_APP_LED_MODE1[0m
[0;32mI (57072) object_sensor: Object sensore event occurred[0m
[0;32mI (57072) rmt_app: Selected RMT_APP_LED_OFF[0m
[0;32mI (58292) object_sensor: Object sensore event occurred[0m
[0;32mI (58292) rmt_app: Selected RMT_APP_LED_MODE1[0m
[0;32mI (60172) object_sensor: Object sensore event occurred[0m
[0;32mI (60172) rmt_app: Selected RMT_APP_LED_OFF[0m
[0;32mI (61372) object_sensor: Object sensore event occurred[0m
[0;32mI (61372) rmt_app: Selected RMT_APP_LED_MODE1[0m
[0;32mI (62372) object_sensor: Object sensore event occurred[0m
[0;32mI (62372) rmt_app: Selected RMT_APP_LED_OFF[0m
[0;32mI (63372) object_sensor: Object sensore event occurred[0m
[0;32mI (63372) rmt_app: Selected RMT_APP_LED_MODE1[0m
[0;32mI (69182) object_sensor: Object sensore event occurred[0m
[0;32mI (69182) rmt_app: Selected RMT_APP_LED_OFF[0m
[0;32mI (78852) object_sensor: Object sensore event occurred[0m
[0;32mI (78852) rmt_app: Selected RMT_APP_LED_MODE1[0m
[0;32mI (80052) object_sensor: Object sensore event occurred[0m
[0;32mI (80052) rmt_app: Selected RMT_APP_LED_OFF[0m
[0;32mI (81052) object_sensor: Object sensore event occurred[0m
[0;32mI (81052) rmt_app: Selected RMT_APP_LED_MODE1[0m
[0;32mI (117732) object_sensor: Object sensore event occurred[0m
[0;32mI (117732) rmt_app: Selected RMT_APP_LED_OFF[0m
[0;32mI (118732) object_sensor: Object sensore event occurred[0m
[0;32mI (118732) rmt_app: Selected RMT_APP_LED_MODE1[0m
[0;32mI (119732) object_sensor: Object sensore event occurred[0m
[0;32mI (119732) rmt_app: Selected RMT_APP_LED_OFF[0m
[0;32mI (120732) object_sensor: Object sensore event occurred[0m
[0;32mI (120732) rmt_app: Selected RMT_APP_LED_MODE1[0m
[0;32mI (121732) object_sensor: Object sensore event occurred[0m
[0;32mI (121732) rmt_app: Selected RMT_APP_LED_OFF[0m
[0;32mI (122732) object_sensor: Object sensore event occurred[0m
[0;32mI (122732) rmt_app: Selected RMT_APP_LED_MODE1[0m
[0;32mI (126372) object_sensor: Object sensore event occurred[0m
[0;32mI (126372) rmt_app: Selected RMT_APP_LED_OFF[0m
[0;32mI (127372) object_sensor: Object sensore event occurred[0m
[0;32mI (127372) rmt_app: Selected RMT_APP_LED_MODE1[0m
[0;32mI (128372) object_sensor: Object sensore event occurred[0m
[0;32mI (128372) rmt_app: Selected RMT_APP_LED_OFF[0m
[0;32mI (129372) object_sensor: Object sensore event occurred[0m
[0;32mI (129372) rmt_app: Selected RMT_APP_LED_MODE1[0m
[0;32mI (131062) object_sensor: Object sensore event occurred[0m
[0;32mI (131062) rmt_app: Selected RMT_APP_LED_OFF[0m
[0;32mI (132062) object_sensor: Object sensore event occurred[0m
[0;32mI (132062) rmt_app: Selected RMT_APP_LED_MODE1[0m
[0;32mI (133062) object_sensor: Object sensore event occurred[0m
[0;32mI (133062) rmt_app: Selected RMT_APP_LED_OFF[0m
[0;32mI (134322) object_sensor: Object sensore event occurred[0m
[0;32mI (134322) rmt_app: Selected RMT_APP_LED_MODE1[0m
[0;32mI (185282) object_sensor: Object sensore event occurred[0m
[0;32mI (185282) rmt_app: Selected RMT_APP_LED_OFF[0m
[0;32mI (186282) object_sensor: Object sensore event occurred[0m
[0;32mI (186282) rmt_app: Selected RMT_APP_LED_MODE1[0m
