[0;32mI (215) cpu_start: Pro cpu start user code[0m
[0;32mI (21ï¿½ets Jul 29 2019 12:21:46

rst:0x1 (POWERON_RESET),boot:0x13 (SPI_FAST_FLASH_BOOT)
configsip: 0, SPIWP:0xee
clk_drv:0x00,q_drv:0x00,d_drv:0x00,cs0_drv:0x00,hd_drv:0x00,wp_drv:0x00
mode:DIO, clock div:2
load:0x3fff0030,len:7112
load:0x40078000,len:15788
ho 0 tail 12 room 4
load:0x40080400,len:4
load:0x40080404,len:3904
entry 0x40080640
[0;32mI (31) boot: ESP-IDF v5.4-dev-2306-gdbce23f8a4-dirty 2nd stage bootloader[0m
[0;32mI (31) boot: compile time Sep  2 2024 13:56:10[0m
[0;32mI (33) boot: Multicore bootloader[0m
[0;32mI (38) boot: chip revision: v3.1[0m
[0;32mI (41) boot.esp32: SPI Speed      : 40MHz[0m
[0;32mI (46) boot.esp32: SPI Mode       : DIO[0m
[0;32mI (51) boot.esp32: SPI Flash Size : 2MB[0m
[0;32mI (55) boot: Enabling RNG early entropy source...[0m
[0;32mI (61) boot: Partition Table:[0m
[0;32mI (64) boot: ## Label            Usage          Type ST Offset   Length[0m
[0;32mI (71) boot:  0 nvs              WiFi data        01 02 00009000 00006000[0m
[0;32mI (79) boot:  1 phy_init         RF data          01 01 0000f000 00001000[0m
[0;32mI (86) boot:  2 factory          factory app      00 00 00010000 00100000[0m
[0;32mI (94) boot: End of partition table[0m
[0;32mI (98) esp_image: segment 0: paddr=00010020 vaddr=3f400020 size=0b358h ( 45912) map[0m
[0;32mI (122) esp_image: segment 1: paddr=0001b380 vaddr=3ffb0000 size=02658h (  9816) load[0m
[0;32mI (126) esp_image: segment 2: paddr=0001d9e0 vaddr=40080000 size=02638h (  9784) load[0m
[0;32mI (132) esp_image: segment 3: paddr=00020020 vaddr=400d0020 size=16f6ch ( 94060) map[0m
[0;32mI (169) esp_image: segment 4: paddr=00036f94 vaddr=40082638 size=0b4b0h ( 46256) load[0m
[0;32mI (194) boot: Loaded app from partition at offset 0x10000[0m
[0;32mI (194) boot: Disabling RNG early entropy source...[0m
[0;32mI (206) cpu_start: Multicore app[0m
[0;32mI (215) cpu_start: Pro cpu start user code[0m
[0;32mI (215) cpu_start: cpu freq: 160000000 Hz[0m
[0;32mI (215) app_init: Application information:[0m
[0;32mI (218) app_init: Project name:     esp_rgb_led_strip[0m
[0;32mI (223) app_init: App version:      1359082-dirty[0m
[0;32mI (229) app_init: Compile time:     Sep  2 2024 20:50:40[0m
[0;32mI (235) app_init: ELF file SHA256:  678218e73...[0m
[0;32mI (240) app_init: ESP-IDF:          v5.4-dev-2306-gdbce23f8a4-dirty[0m
[0;32mI (247) efuse_init: Min chip rev:     v0.0[0m
[0;32mI (252) efuse_init: Max chip rev:     v3.99 [0m
[0;32mI (257) efuse_init: Chip rev:         v3.1[0m
[0;32mI (262) heap_init: Initializing. RAM available for dynamic allocation:[0m
[0;32mI (269) heap_init: At 3FFAE6E0 len 00001920 (6 KiB): DRAM[0m
[0;32mI (275) heap_init: At 3FFB2F48 len 0002D0B8 (180 KiB): DRAM[0m
[0;32mI (281) heap_init: At 3FFE0440 len 00003AE0 (14 KiB): D/IRAM[0m
[0;32mI (287) heap_init: At 3FFE4350 len 0001BCB0 (111 KiB): D/IRAM[0m
[0;32mI (294) heap_init: At 4008DAE8 len 00012518 (73 KiB): IRAM[0m
[0;32mI (302) spi_flash: detected chip: generic[0m
[0;32mI (305) spi_flash: flash io: dio[0m
[0;33mW (309) spi_flash: Detected size(4096k) larger than the size in the binary image header(2048k). Using the size in the binary image header.[0m
[0;32mI (323) main_task: Started on CPU0[0m
[0;32mI (333) main_task: Calling app_main()[0m
[0;32mI (333) gpio: GPIO[0]| InputEn: 0| OutputEn: 1| OpenDrain: 0| Pullup: 1| Pulldown: 0| Intr:0 [0m
[0;32mI (333) rmt_app: Enable RMT TX channel[0m
[0;32mI (343) rmt_app: Selected RMT_APP_LED_OFF[0m

assert failed: block_next tlsf_block_functions.h:94 (!block_is_last(block))


Backtrace: 0x400818a1:0x3ffb6040 0x40086255:0x3ffb6060 0x4008c4a9:0x3ffb6080 0x4008addc:0x3ffb61a0 0x4008ac40:0x3ffb61c0 0x400820fa:0x3ffb61e0 0x4008c4c5:0x3ffb6200 0x400d6bf7:0x3ffb6220 0x400d6ca0:0x3ffb6250 0x40086cfd:0x3ffb6270




ELF file SHA256: 678218e73

Rebooting...
ets Jul 29 2019 12:21:46

rst:0xc (SW_CPU_RESET),boot:0x13 (SPI_FAST_FLASH_BOOT)
configsip: 0, SPIWP:0xee
clk_drv:0x00,q_drv:0x00,d_drv:0x00,cs0_drv:0x00,hd_drv:0x00,wp_drv:0x00
mode:DIO, clock div:2
load:0x3fff0030,len:7112
load:0x40078000,len:15788
ho 0 tail 12 room 4
load:0x40080400,len:4
load:0x40080404,len:3904
entry 0x40080640
[0;32mI (31) boot: ESP-IDF v5.4-dev-2306-gdbce23f8a4-dirty 2nd stage bootloader[0m
[0;32mI (31) boot: compile time Sep  2 2024 13:56:10[0m
[0;32mI (33) boot: Multicore bootloader[0m
[0;32mI (37) boot: chip revision: v3.1[0m
[0;32mI (41) boot.esp32: SPI Speed      : 40MHz[0m
[0;32mI (46) boot.esp32: SPI Mode       : DIO[0m
[0;32mI (50) boot.esp32: SPI Flash Size : 2MB[0m
[0;32mI (55) boot: Enabling RNG early entropy source...[0m
[0;32mI (60) boot: Partition Table:[0m
[0;32mI (64) boot: ## Label            Usage          Type ST Offset   Length[0m
[0;32mI (71) boot:  0 nvs              WiFi data        01 02 00009000 00006000[0m
[0;32mI (79) boot:  1 phy_init         RF data          01 01 0000f000 00001000[0m
[0;32mI (86) boot:  2 factory          factory app      00 00 00010000 00100000[0m
[0;32mI (94) boot: End of partition table[0m
[0;32mI (98) esp_image: segment 0: paddr=00010020 vaddr=3f400020 size=0b358h ( 45912) map[0m
[0;32mI (122) esp_image: segment 1: paddr=0001b380 vaddr=3ffb0000 size=02658h (  9816) load[0m
[0;32mI (126) esp_image: segment 2: paddr=0001d9e0 vaddr=40080000 size=02638h (  9784) load[0m
[0;32mI (132) esp_image: segment 3: paddr=00020020 vaddr=400d0020 size=16f6ch ( 94060) map[0m
[0;32mI (169) esp_image: segment 4: paddr=00036f94 vaddr=40082638 size=0b4b0h ( 46256) load[0m
[0;32mI (194) boot: Loaded app from partition at offset 0x10000[0m
[0;32mI (194) boot: Disabling RNG early entropy source...[0m
[0;32mI (206) cpu_start: Multicore app[0m
[0;32mI (215) cpu_start: Pro cpu start user code[0m
[0;32mI (215) cpu_start: cpu freq: 160000000 Hz[0m
[0;32mI (215) app_init: Application information:[0m
[0;32mI (218) app_init: Project name:     esp_rgb_led_strip[0m
[0;32mI (223) app_init: App version:      1359082-dirty[0m
[0;32mI (229) app_init: Compile time:     Sep  2 2024 20:50:40[0m
[0;32mI (235) app_init: ELF file SHA256:  678218e73...[0m
[0;32mI (240) app_init: ESP-IDF:          v5.4-dev-2306-gdbce23f8a4-dirty[0m
[0;32mI (247) efuse_init: Min chip rev:     v0.0[0m
[0;32mI (252) efuse_init: Max chip rev:     v3.99 [0m
[0;32mI (257) efuse_init: Chip rev:         v3.1[0m
[0;32mI (262) heap_init: Initializing. RAM available for dynamic allocation:[0m
[0;32mI (269) heap_init: At 3FFAE6E0 len 00001920 (6 KiB): DRAM[0m
[0;32mI (275) heap_init: At 3FFB2F48 len 0002D0B8 (180 KiB): DRAM[0m
[0;32mI (281) heap_init: At 3FFE0440 len 00003AE0 (14 KiB): D/IRAM[0m
[0;32mI (287) heap_init: At 3FFE4350 len 0001BCB0 (111 KiB): D/IRAM[0m
[0;32mI (294) heap_init: At 4008DAE8 len 00012518 (73 KiB): IRAM[0m
[0;32mI (302) spi_flash: detected chip: generic[0m
[0;32mI (305) spi_flash: flash io: dio[0m
[0;33mW (309) spi_flash: Detected size(4096k) larger than the size in the binary image header(2048k). Using the size in the binary image header.[0m
[0;32mI (322) main_task: Started on CPU0[0m
[0;32mI (332) main_task: Calling app_main()[0m
[0;32mI (332) gpio: GPIO[0]| InputEn: 0| OutputEn: 1| OpenDrain: 0| Pullup: 1| Pulldown: 0| Intr:0 [0m
[0;32mI (332) rmt_app: Enable RMT TX channel[0m
[0;32mI (342) rmt_app: Selected RMT_APP_LED_OFF[0m

assert failed: block_next tlsf_block_functions.h:94 (!block_is_last(block))


Backtrace: 0x400818a1:0x3ffb6040 0x40086255:0x3ffb6060 0x4008c4a9:0x3ffb6080 0x4008addc:0x3ffb61a0 0x4008ac40:0x3ffb61c0 0x400820fa:0x3ffb61e0 0x4008c4c5:0x3ffb6200 0x400d6bf7:0x3ffb6220 0x400d6ca0:0x3ffb6250 0x40086cfd:0x3ffb6270




ELF file SHA256: 678218e73

Rebooting...
ets Jul 29 2019 12:21:46

rst:0xc (SW_CPU_RESET),boot:0x13 (SPI_FAST_FLASH_BOOT)
configsip: 0, SPIWP:0xee
clk_drv:0x00,q_drv:0x00,d_drv:0x00,cs0_drv:0x00,hd_drv:0x00,wp_drv:0x00
mode:DIO, clock div:2
load:0x3fff0030,len:7112
load:0x40078000,len:15788
ho 0 tail 12 room 4
load:0x40080400,len:4
load:0x40080404,len:3904
entry 0x40080640
[0;32mI (31) boot: ESP-IDF v5.4-dev-2306-gdbce23f8a4-dirty 2nd stage bootloader[0m
[0;32mI (31) boot: compile time Sep  2 2024 13:56:10[0m
[0;32mI (33) boot: Multicore bootloader[0m
[0;32mI (37) boot: chip revision: v3.1[0m
[0;32mI (41) boot.esp32: SPI Speed      : 40MHz[0m
[0;32mI (46) boot.esp32: SPI Mode       : DIO[0m
[0;32mI (50) boot.esp32: SPI Flash Size : 2MB[0m
[0;32mI (55) boot: Enabling RNG early entropy source...[0m
[0;32mI (60) boot: Partition Table:[0m
[0;32mI (64) boot: ## Label            Usage          Type ST Offset   Length[0m
[0;32mI (71) boot:  0 nvs              WiFi data        01 02 00009000 00006000[0m
[0;32mI (79) boot:  1 phy_init         RF data          01 01 0000f000 00001000[0m
[0;32mI (86) boot:  2 factory          factory app      00 00 00010000 00100000[0m
[0;32mI (94) boot: End of partition table[0m
[0;32mI (98) esp_image: segment 0: paddr=00010020 vaddr=3f400020 size=0b358h ( 45912) map[0m
[0;32mI (122) esp_image: segment 1: paddr=0001b380 vaddr=3ffb0000 size=02658h (  9816) load[0m
[0;32mI (126) esp_image: segment 2: paddr=0001d9e0 vaddr=40080000 size=02638h (  9784) load[0m
[0;32mI (132) esp_image: segment 3: paddr=00020020 vaddr=400d0020 size=16f6ch ( 94060) map[0m
[0;32mI (169) esp_image: segment 4: paddr=00036f94 vaddr=40082638 size=0b4b0h ( 46256) load[0m
[0;32mI (194) boot: Loaded app from partition at offset 0x10000[0m
[0;32mI (194) boot: Disabling RNG early entropy source...[0m
[0;32mI (206) cpu_start: Multicore app[0m
[0;32mI (215) cpu_start: Pro cpu start user code[0m
[0;32mI (215) cpu_start: cpu freq: 160000000 Hz[0m
[0;32mI (215) app_init: Application information:[0m
[0;32mI (218) app_init: Project name:     esp_rgb_led_strip[0m
[0;32mI (223) app_init: App version:      1359082-dirty[0m
[0;32mI (229) app_init: Compile time:     Sep  2 2024 20:50:40[0m
[0;32mI (235) app_init: ELF file SHA256:  678218e73...[0m
[0;32mI (240) app_init: ESP-IDF:          v5.4-dev-2306-gdbce23f8a4-dirty[0m
[0;32mI (247) efuse_init: Min chip rev:     v0.0[0m
[0;32mI (252) efuse_init: Max chip rev:     v3.99 [0m
[0;32mI (257) efuse_init: Chip rev:         v3.1[0m
[0;32mI (262) heap_init: Initializing. RAM available for dynamic allocation:[0m
[0;32mI (269) heap_init: At 3FFAE6E0 len 00001920 (6 KiB): DRAM[0m
[0;32mI (275) heap_init: At 3FFB2F48 len 0002D0B8 (180 KiB): DRAM[0m
[0;32mI (281) heap_init: At 3FFE0440 len 00003AE0 (14 KiB): D/IRAM[0m
[0;32mI (287) heap_init: At 3FFE4350 len 0001BCB0 (111 KiB): D/IRAM[0m
[0;32mI (294) heap_init: At 4008DAE8 len 00012518 (73 KiB): IRAM[0m
[0;32mI (302) spi_flash: detected chip: generic[0m
[0;32mI (305) spi_flash: flash io: dio[0m
[0;33mW (309) spi_flash: Detected size(4096k) larger than the size in the binary image header(2048k). Using the size in the binary image header.[0m
[0;32mI (322) main_task: Started on CPU0[0m
[0;32mI (332) main_task: Calling app_main()[0m
[0;32mI (332) gpio: GPIO[0]| InputEn: 0| OutputEn: 1| OpenDrain: 0| Pullup: 1| Pulldown: 0| Intr:0 [0m
[0;32mI (332) rmt_app: Enable RMT TX channel[0m
[0;32mI (342) rmt_app: Selected RMT_APP_LED_OFF[0m

assert failed: block_next tlsf_block_functions.h:94 (!block_is_last(block))


Backtrace: 0x400818a1:0x3ffb6040 0x40086255:0x3ffb6060 0x4008c4a9:0x3ffb6080 0x4008addc:0x3ffb61a0 0x4008ac40:0x3ffb61c0 0x400820fa:0x3ffb61e0 0x4008c4c5:0x3ffb6200 0x400d6bf7:0x3ffb6220 0x400d6ca0:0x3ffb6250 0x40086cfd:0x3ffb6270




ELF file SHA256: 678218e73

Rebooting...
ets Jul 29 2019 12:21:46

rst:0xc (SW_CPU_RESET),boot:0x13 (SPI_FAST_FLASH_BOOT)
configsip: 0, SPIWP:0xee
clk_drv:0x00,q_drv:0x00,d_drv:0x00,cs0_drv:0x00,hd_drv:0x00,wp_drv:0x00
mode:DIO, clock div:2
load:0x3fff0030,len:7112
load:0x40078000,len:15788
ho 0 tail 12 room 4
load:0x40080400,len:4
load:0x40080404,len:3904
entry 0x40080640
[0;32mI (31) boot: ESP-IDF v5.4-dev-2306-gdbce23f8a4-dirty 2nd stage bootloader[0m
[0;32mI (31) boot: compile time Sep  2 2024 13:56:10[0m
[0;32mI (33) boot: Multicore bootloader[0m
[0;32mI (37) boot: chip revision: v3.1[0m
[0;32mI (41) boot.esp32: SPI Speed      : 40MHz[0m
[0;32mI (46) boot.esp32: SPI Mode       : DIO[0m
[0;32mI (50) boot.esp32: SPI Flash Size : 2MB[0m
[0;32mI (55) boot: Enabling RNG early entropy source...[0m
[0;32mI (60) boot: Partition Table:[0m
[0;32mI (64) boot: ## Label            Usage          Type ST Offset   Length[0m
[0;32mI (71) boot:  0 nvs              WiFi data        01 02 00009000 00006000[0m
[0;32mI (79) boot:  1 phy_init         RF data          01 01 0000f000 00001000[0m
[0;32mI (86) boot:  2 factory          factory app      00 00 00010000 00100000[0m
[0;32mI (94) boot: End of partition table[0m
[0;32mI (98) esp_image: segment 0: paddr=00010020 vaddr=3f400020 size=0b358h ( 45912) map[0m
[0;32mI (122) esp_image: segment 1: paddr=0001b380 vaddr=3ffb0000 size=02658h (  9816) load[0m
[0;32mI (126) esp_image: segment 2: paddr=0001d9e0 vaddr=40080000 size=02638h (  9784) load[0m
[0;32mI (132) esp_image: segment 3: paddr=00020020 vaddr=400d0020 size=16f6ch ( 94060) map[0m
[0;32mI (169) esp_image: segment 4: paddr=00036f94 vaddr=40082638 size=0b4b0h ( 46256) load[0m
[0;32mI (194) boot: Loaded app from partition at offset 0x10000[0m
[0;32mI (194) boot: Disabling RNG early entropy source...[0m
[0;32mI (206) cpu_start: Multicore app[0m
[0;32mI (215) cpu_start: Pro cpu start user code[0m
[0;32mI (215) cpu_start: cpu freq: 160000000 Hz[0m
[0;32mI (215) app_init: Application information:[0m
[0;32mI (218) app_init: Project name:     esp_rgb_led_strip[0m
[0;32mI (223) app_init: App version:      1359082-dirty[0m
[0;32mI (229) app_init: Compile time:     Sep  2 2024 20:50:40[0m
[0;32mI (235) app_init: ELF file SHA256:  678218e73...[0m
[0;32mI (240) app_init: ESP-IDF:          v5.4-dev-2306-gdbce23f8a4-dirty[0m
[0;32mI (247) efuse_init: Min chip rev:     v0.0[0m
[0;32mI (252) efuse_init: Max chip rev:     v3.99 [0m
[0;32mI (257) efuse_init: Chip rev:         v3.1[0m
[0;32mI (262) heap_init: Initializing. RAM available for dynamic allocation:[0m
[0;32mI (269) heap_init: At 3FFAE6E0 len 00001920 (6 KiB): DRAM[0m
[0;32mI (275) heap_init: At 3FFB2F48 len 0002D0B8 (180 KiB): DRAM[0m
[0;32mI (281) heap_init: At 3FFE0440 len 00003AE0 (14 KiB): D/IRAM[0m
[0;32mI (287) heap_init: At 3FFE4350 len 0001BCB0 (111 KiB): D/IRAM[0m
[0;32mI (294) heap_init: At 4008DAE8 len 00012518 (73 KiB): IRAM[0m
[0;32mI (302) spi_flash: detected chip: generic[0m
[0;32mI (305) spi_flash: flash io: dio[0m
[0;33mW (309) spi_flash: Detected size(4096k) larger than the size in the binary image header(2048k). Using the size in the binary image header.[0m
[0;32mI (322) main_task: Started on CPU0[0m
[0;32mI (332) main_task: Calling app_main()[0m
[0;32mI (332) gpio: GPIO[0]| InputEn: 0| OutputEn: 1| OpenDrain: 0| Pullup: 1| Pulldown: 0| Intr:0 [0m
[0;32mI (332) rmt_app: Enable RMT TX channel[0m
[0;32mI (342) rmt_app: Selected RMT_APP_LED_OFF[0m

assert failed: block_next tlsf_block_functions.h:94 (!block_is_last(block))


Backtrace: 0x400818a1:0x3ffb6040 0x40086255:0x3ffb6060 0x4008c4a9:0x3ffb6080 0x4008addc:0x3ffb61a0 0x4008ac40:0x3ffb61c0 0x400820fa:0x3ffb61e0 0x4008c4c5:0x3ffb6200 0x400d6bf7:0x3ffb6220 0x400d6ca0:0x3ffb6250 0x40086cfd:0x3ffb6270




ELF file SHA256: 678218e73

Rebooting...
ets Jul 29 2019 12:21:46

rst:0xc (SW_CPU_RESET),boot:0x13 (SPI_FAST_FLASH_BOOT)
configsip: 0, SPIWP:0xee
clk_drv:0x00,q_drv:0x00,d_drv:0x00,cs0_drv:0x00,hd_drv:0x00,wp_drv:0x00
mode:DIO, clock div:2
load:0x3fff0030,len:7112
load:0x40078000,len:15788
ho 0 tail 12 room 4
load:0x40080400,len:4
load:0x40080404,len:3904
entry 0x40080640
[0;32mI (31) boot: ESP-IDF v5.4-dev-2306-gdbce23f8a4-dirty 2nd stage bootloader[0m
[0;32mI (31) boot: compile time Sep  2 2024 13:56:10[0m
[0;32mI (33) boot: Multicore bootloader[0m
[0;32mI (37) boot: chip revision: v3.1[0m
[0;32mI (41) boot.esp32: SPI Speed      : 40MHz[0m
[0;32mI (46) boot.esp32: SPI Mode       : DIO[0m
[0;32mI (50) boot.esp32: SPI Flash Size : 2MB[0m
[0;32mI (55) boot: Enabling RNG early entropy source...[0m
[0;32mI (60) boot: Partition Table:[0m
[0;32mI (64) boot: ## Label            Usage          Type ST Offset   Length[0m
[0;32mI (71) boot:  0 nvs              WiFi data        01 02 00009000 00006000[0m
[0;32mI (79) boot:  1 phy_init         RF data          01 01 0000f000 00001000[0m
[0;32mI (86) boot:  2 factory          factory app      00 00 00010000 00100000[0m
[0;32mI (94) boot: End of partition table[0m
[0;32mI (98) esp_image: segment 0: paddr=00010020 vaddr=3f400020 size=0b358h ( 45912) map[0m
[0;32mI (122) esp_image: segment 1: paddr=0001b380 vaddr=3ffb0000 size=02658h (  9816) load[0m
[0;32mI (126) esp_image: segment 2: paddr=0001d9e0 vaddr=40080000 size=02638h (  9784) load[0m
[0;32mI (132) esp_image: segment 3: paddr=00020020 vaddr=400d0020 size=16f6ch ( 94060) map[0m
[0;32mI (169) esp_image: segment 4: paddr=00036f94 vaddr=40082638 size=0b4b0h ( 46256) load[0m
[0;32mI (194) boot: Loaded app from partition at offset 0x10000[0m
[0;32mI (194) boot: Disabling RNG early entropy source...[0m
[0;32mI (206) cpu_start: Multicore app[0m
[0;32mI (215) cpu_start: Pro cpu start user code[0m
[0;32mI (215) cpu_start: cpu freq: 160000000 Hz[0m
[0;32mI (215) app_init: Application information:[0m
[0;32mI (218) app_init: Project name:     esp_rgb_led_strip[0m
[0;32mI (223) app_init: App version:      1359082-dirty[0m
[0;32mI (229) app_init: Compile time:     Sep  2 2024 20:50:40[0m
[0;32mI (235) app_init: ELF file SHA256:  678218e73...[0m
[0;32mI (240) app_init: ESP-IDF:          v5.4-dev-2306-gdbce23f8a4-dirty[0m
[0;32mI (247) efuse_init: Min chip rev:     v0.0[0m
[0;32mI (252) efuse_init: Max chip rev:     v3.99 [0m
[0;32mI (257) efuse_init: Chip rev:         v3.1[0m
[0;32mI (262) heap_init: Initializing. RAM available for dynamic allocation:[0m
[0;32mI (269) heap_init: At 3FFAE6E0 len 00001920 (6 KiB): DRAM[0m
[0;32mI (275) heap_init: At 3FFB2F48 len 0002D0B8 (180 KiB): DRAM[0m
[0;32mI (281) heap_init: At 3FFE0440 len 00003AE0 (14 KiB): D/IRAM[0m
[0;32mI (287) heap_init: At 3FFE4350 len 0001BCB0 (111 KiB): D/IRAM[0m
[0;32mI (294) heap_init: At 4008DAE8 len 00012518 (73 KiB): IRAM[0m
[0;32mI (302) spi_flash: detected chip: generic[0m
[0;32mI (305) spi_flash: flash io: dio[0m
[0;33mW (309) spi_flash: Detected size(4096k) larger than the size in the binary image header(2048k). Using the size in the binary image header.[0m
[0;32mI (322) main_task: Started on CPU0[0m
[0;32mI (332) main_task: Calling app_main()[0m
[0;32mI (332) gpio: GPIO[0]| InputEn: 0| OutputEn: 1| OpenDrain: 0| Pullup: 1| Pulldown: 0| Intr:0 [0m
[0;32mI (332) rmt_app: Enable RMT TX channel[0m
[0;32mI (342) rmt_app: Selected RMT_APP_LED_OFF[0m

assert failed: block_next tlsf_block_functions.h:94 (!block_is_last(block))


Backtrace: 0x400818a1:0x3ffb6040 0x40086255:0x3ffb6060 0x4008c4a9:0x3ffb6080 0x4008addc:0x3ffb61a0 0x4008ac40:0x3ffb61c0 0x400820fa:0x3ffb61e0 0x4008c4c5:0x3ffb6200 0x400d6bf7:0x3ffb6220 0x400d6ca0:0x3ffb6250 0x40086cfd:0x3ffb6270




ELF file SHA256: 678218e73

Rebooting...
ets Jul 29 2019 12:21:46

rst:0xc (SW_CPU_RESET),boot:0x13 (SPI_FAST_FLASH_BOOT)
configsip: 0, SPIWP:0xee
clk_drv:0x00,q_drv:0x00,d_drv:0x00,cs0_drv:0x00,hd_drv:0x00,wp_drv:0x00
mode:DIO, clock div:2
load:0x3fff0030,len:7112
load:0x40078000,len:15788
ho 0 tail 12 room 4
load:0x40080400,len:4
load:0x40080404,len:3904
entry 0x40080640
[0;32mI (31) boot: ESP-IDF v5.4-dev-2306-gdbce23f8a4-dirty 2nd stage bootloader[0m
[0;32mI (31) boot: compile time Sep  2 2024 13:56:10[0m
[0;32mI (33) boot: Multicore bootloader[0m
[0;32mI (37) boot: chip revision: v3.1[0m
[0;32mI (41) boot.esp32: SPI Speed      : 40MHz[0m
[0;32mI (46) boot.esp32: SPI Mode       : DIO[0m
[0;32mI (50) boot.esp32: SPI Flash Size : 2MB[0m
[0;32mI (55) boot: Enabling RNG early entropy source...[0m
[0;32mI (60) boot: Partition Table:[0m
[0;32mI (64) boot: ## Label            Usage          Type ST Offset   Length[0m
[0;32mI (71) boot:  0 nvs              WiFi data        01 02 00009000 00006000[0m
[0;32mI (79) boot:  1 phy_init         RF data          01 01 0000f000 00001000[0m
[0;32mI (86) boot:  2 factory          factory app      00 00 00010000 00100000[0m
[0;32mI (94) boot: End of partition table[0m
[0;32mI (98) esp_image: segment 0: paddr=00010020 vaddr=3f400020 size=0b358h ( 45912) map[0m
[0;32mI (122) esp_image: segment 1: paddr=0001b380 vaddr=3ffb0000 size=02658h (  9816) load[0m
[0;32mI (126) esp_image: segment 2: paddr=0001d9e0 vaddr=40080000 size=02638h (  9784) load[0m
[0;32mI (132) esp_image: segment 3: paddr=00020020 vaddr=400d0020 size=16f6ch ( 94060) map[0m
[0;32mI (169) esp_image: segment 4: paddr=00036f94 vaddr=40082638 size=0b4b0h ( 46256) load[0m
[0;32mI (194) boot: Loaded app from partition at offset 0x10000[0m
[0;32mI (194) boot: Disabling RNG early entropy source...[0m
[0;32mI (206) cpu_start: Multicore app[0m
[0;32mI (215) cpu_start: Pro cpu start user code[0m
[0;32mI (215) cpu_start: cpu freq: 160000000 Hz[0m
[0;32mI (215) app_init: Application information:[0m
[0;32mI (218) app_init: Project name:     esp_rgb_led_strip[0m
[0;32mI (223) app_init: App version:      1359082-dirty[0m
[0;32mI (229) app_init: Compile time:     Sep  2 2024 20:50:40[0m
[0;32mI (235) app_init: ELF file SHA256:  678218e73...[0m
[0;32mI (240) app_init: ESP-IDF:          v5.4-dev-2306-gdbce23f8a4-dirty[0m
[0;32mI (247) efuse_init: Min chip rev:     v0.0[0m
[0;32mI (252) efuse_init: Max chip rev:     v3.99 [0m
[0;32mI (257) efuse_init: Chip rev:         v3.1[0m
[0;32mI (262) heap_init: Initializing. RAM available for dynamic allocation:[0m
[0;32mI (269) heap_init: At 3FFAE6E0 len 00001920 (6 KiB): DRAM[0m
[0;32mI (275) heap_init: At 3FFB2F48 len 0002D0B8 (180 KiB): DRAM[0m
[0;32mI (281) heap_init: At 3FFE0440 len 00003AE0 (14 KiB): D/IRAM[0m
[0;32mI (287) heap_init: At 3FFE4350 len 0001BCB0 (111 KiB): D/IRAM[0m
[0;32mI (294) heap_init: At 4008DAE8 len 00012518 (73 KiB): IRAM[0m
[0;32mI (302) spi_flash: detected chip: generic[0m
[0;32mI (305) spi_flash: flash io: dio[0m
[0;33mW (309) spi_flash: Detected size(4096k) larger than the size in the binary image header(2048k). Using the size in the binary image header.[0m
[0;32mI (322) main_task: Started on CPU0[0m
[0;32mI (332) main_task: Calling app_main()[0m
[0;32mI (332) gpio: GPIO[0]| InputEn: 0| OutputEn: 1| OpenDrain: 0| Pullup: 1| Pulldown: 0| Intr:0 [0m
[0;32mI (332) rmt_app: Enable RMT TX channel[0m
[0;32mI (342) rmt_app: Selected RMT_APP_LED_OFF[0m

assert failed: block_next tlsf_block_functions.h:94 (!block_is_last(block))


Backtrace: 0x400818a1:0x3ffb6040 0x40086255:0x3ffb6060 0x4008c4a9:0x3ffb6080 0x4008addc:0x3ffb61a0 0x4008ac40:0x3ffb61c0 0x400820fa:0x3ffb61e0 0x4008c4c5:0x3ffb6200 0x400d6bf7:0x3ffb6220 0x400d6ca0:0x3ffb6250 0x40086cfd:0x3ffb6270




ELF file SHA256: 678218e73

Rebooting...
ets Jul 29 2019 12:21:46

rst:0xc (SW_CPU_RESET),boot:0x13 (SPI_FAST_FLASH_BOOT)
configsip: 0, SPIWP:0xee
clk_drv:0x00,q_drv:0x00,d_drv:0x00,cs0_drv:0x00,hd_drv:0x00,wp_drv:0x00
mode:DIO, clock div:2
load:0x3fff0030,len:7112
load:0x40078000,len:15788
ho 0 tail 12 room 4
load:0x40080400,len:4
load:0x40080404,len:3904
entry 0x40080640
[0;32mI (31) boot: ESP-IDF v5.4-dev-2306-gdbce23f8a4-dirty 2nd stage bootloader[0m
[0;32mI (31) boot: compile time Sep  2 2024 13:56:10[0m
[0;32mI (33) boot: Multicore bootloader[0m
[0;32mI (37) boot: chip revision: v3.1[0m
[0;32mI (41) boot.esp32: SPI Speed      : 40MHz[0m
[0;32mI (46) boot.esp32: SPI Mode       : DIO[0m
[0;32mI (50) boot.esp32: SPI Flash Size : 2MB[0m
[0;32mI (55) boot: Enabling RNG early entropy source...[0m
[0;32mI (60) boot: Partition Table:[0m
[0;32mI (64) boot: ## Label            Usage          Type ST Offset   Length[0m
[0;32mI (71) boot:  0 nvs              WiFi data        01 02 00009000 00006000[0m
[0;32mI (79) boot:  1 phy_init         RF data          01 01 0000f000 00001000[0m
[0;32mI (86) boot:  2 factory          factory app      00 00 00010000 00100000[0m
[0;32mI (94) boot: End of partition table[0m
[0;32mI (98) esp_image: segment 0: paddr=00010020 vaddr=3f400020 size=0b358h ( 45912) map[0m
[0;32mI (122) esp_image: segment 1: paddr=0001b380 vaddr=3ffb0000 size=02658h (  9816) load[0m
[0;32mI (126) esp_image: segment 2: paddr=0001d9e0 vaddr=40080000 size=02638h (  9784) load[0m
[0;32mI (132) esp_image: segment 3: paddr=00020020 vaddr=400d0020 size=16f6ch ( 94060) map[0m
[0;32mI (169) esp_image: segment 4: paddr=00036f94 vaddr=40082638 size=0b4b0h ( 46256) load[0m
[0;32mI (194) boot: Loaded app from partition at offset 0x10000[0m
[0;32mI (194) boot: Disabling RNG early entropy source...[0m
[0;32mI (206) cpu_start: Multicore app[0m
[0;32mI (215) cpu_start: Pro cpu start user code[0m
[0;32mI (215) cpu_start: cpu freq: 160000000 Hz[0m
[0;32mI (215) app_init: Application information:[0m
[0;32mI (218) app_init: Project name:     esp_rgb_led_strip[0m
[0;32mI (223) app_init: App version:      1359082-dirty[0m
[0;32mI (229) app_init: Compile time:     Sep  2 2024 20:50:40[0m
[0;32mI (235) app_init: ELF file SHA256:  678218e73...[0m
[0;32mI (240) app_init: ESP-IDF:          v5.4-dev-2306-gdbce23f8a4-dirty[0m
[0;32mI (247) efuse_init: Min chip rev:     v0.0[0m
[0;32mI (252) efuse_init: Max chip rev:     v3.99 [0m
[0;32mI (257) efuse_init: Chip rev:         v3.1[0m
[0;32mI (262) heap_init: Initializing. RAM available for dynamic allocation:[0m
[0;32mI (269) heap_init: At 3FFAE6E0 len 00001920 (6 KiB): DRAM[0m
[0;32mI (275) heap_init: At 3FFB2F48 len 0002D0B8 (180 KiB): DRAM[0m
[0;32mI (281) heap_init: At 3FFE0440 len 00003AE0 (14 KiB): D/IRAM[0m
[0;32mI (287) heap_init: At 3FFE4350 len 0001BCB0 (111 KiB): D/IRAM[0m
[0;32mI (294) heap_init: At 4008DAE8 len 00012518 (73 KiB): IRAM[0m
[0;32mI (302) spi_flash: detected chip: generic[0m
[0;32mI (305) spi_flash: flash io: dio[0m
[0;33mW (309) spi_flash: Detected size(4096k) larger than the size in the binary image header(2048k). Using the size in the binary image header.[0m
[0;32mI (322) main_task: Started on CPU0[0m
[0;32mI (332) main_task: Calling app_main()[0m
[0;32mI (332) gpio: GPIO[0]| InputEn: 0| OutputEn: 1| OpenDrain: 0| Pullup: 1| Pulldown: 0| Intr:0 [0m
[0;32mI (332) rmt_app: Enable RMT TX channel[0m
[0;32mI (342) rmt_app: Selected RMT_APP_LED_OFF[0m

assert failed: block_next tlsf_block_functions.h:94 (!block_is_last(block))


Backtrace: 0x400818a1:0x3ffb6040 0x40086255:0x3ffb6060 0x4008c4a9:0x3ffb6080 0x4008addc:0x3ffb61a0 0x4008ac40:0x3ffb61c0 0x400820fa:0x3ffb61e0 0x4008c4c5:0x3ffb6200 0x400d6bf7:0x3ffb6220 0x400d6ca0:0x3ffb6250 0x40086cfd:0x3ffb6270




ELF file SHA256: 678218e73

Rebooting...
ets Jul 29 2019 12:21:46

rst:0xc (SW_CPU_RESET),boot:0x13 (SPI_FAST_FLASH_BOOT)
configsip: 0, SPIWP:0xee
clk_drv:0x00,q_drv:0x00,d_drv:0x00,cs0_drv:0x00,hd_drv:0x00,wp_drv:0x00
mode:DIO, clock div:2
load:0x3fff0030,len:7112
load:0x40078000,len:15788
ho 0 tail 12 room 4
load:0x40080400,len:4
load:0x40080404,len:3904
entry 0x40080640
[0;32mI (31) boot: ESP-IDF v5.4-dev-2306-gdbce23f8a4-dirty 2nd stage bootloader[0m
[0;32mI (31) boot: compile time Sep  2 2024 13:56:10[0m
[0;32mI (33) boot: Multicore bootloader[0m
[0;32mI (37) boot: chip revision: v3.1[0m
[0;32mI (41) boot.esp32: SPI Speed      : 40MHz[0m
[0;32mI (46) boot.esp32: SPI Mode       : DIO[0m
[0;32mI (50) boot.esp32: SPI Flash Size : 2MB[0m
[0;32mI (55) boot: Enabling RNG early entropy source...[0m
[0;32mI (60) boot: Partition Table:[0m
[0;32mI (64) boot: ## Label            Usage          Type ST Offset   Length[0m
[0;32mI (71) boot:  0 nvs              WiFi data        01 02 00009000 00006000[0m
[0;32mI (79) boot:  1 phy_init         RF data          01 01 0000f000 00001000[0m
[0;32mI (86) boot:  2 factory          factory app      00 00 00010000 00100000[0m
[0;32mI (94) boot: End of partition table[0m
[0;32mI (98) esp_image: segment 0: paddr=00010020 vaddr=3f400020 size=0b358h ( 45912) map[0m
[0;32mI (122) esp_image: segment 1: paddr=0001b380 vaddr=3ffb0000 size=02658h (  9816) load[0m
[0;32mI (126) esp_image: segment 2: paddr=0001d9e0 vaddr=40080000 size=02638h (  9784) load[0m
[0;32mI (132) esp_image: segment 3: paddr=00020020 vaddr=400d0020 size=16f6ch ( 94060) map[0m
[0;32mI (169) esp_image: segment 4: paddr=00036f94 vaddr=40082638 size=0b4b0h ( 46256) load[0m
[0;32mI (194) boot: Loaded app from partition at offset 0x10000[0m
[0;32mI (194) boot: Disabling RNG early entropy source...[0m
[0;32mI (206) cpu_start: Multicore app[0m
[0;32mI (215) cpu_start: Pro cpu start user code[0m
[0;32mI (215) cpu_start: cpu freq: 160000000 Hz[0m
[0;32mI (215) app_init: Application information:[0m
[0;32mI (218) app_init: Project name:     esp_rgb_led_strip[0m
[0;32mI (223) app_init: App version:      1359082-dirty[0m
[0;32mI (229) app_init: Compile time:     Sep  2 2024 20:50:40[0m
[0;32mI (235) app_init: ELF file SHA256:  678218e73...[0m
[0;32mI (240) app_init: ESP-IDF:          v5.4-dev-2306-gdbce23f8a4-dirty[0m
[0;32mI (247) efuse_init: Min chip rev:     v0.0[0m
[0;32mI (252) efuse_init: Max chip rev:     v3.99 [0m
[0;32mI (257) efuse_init: Chip rev:         v3.1[0m
[0;32mI (262) heap_init: Initializing. RAM available for dynamic allocation:[0m
[0;32mI (269) heap_init: At 3FFAE6E0 len 00001920 (6 KiB): DRAM[0m
[0;32mI (275) heap_init: At 3FFB2F48 len 0002D0B8 (180 KiB): DRAM[0m
[0;32mI (281) heap_init: At 3FFE0440 len 00003AE0 (14 KiB): D/IRAM[0m
